Archive member included to satisfy reference by file (symbol)

/usr/bin/../lib/gcc/arm-none-eabi/6.3.1/../../../../arm-none-eabi/lib/thumb/v7e-m/fpv4-sp/hard/libc_nano.a(lib_a-exit.o)
                              /usr/bin/../lib/gcc/arm-none-eabi/6.3.1/../../../../arm-none-eabi/lib/thumb/v7e-m/fpv4-sp/hard/crt0.o (exit)
/usr/bin/../lib/gcc/arm-none-eabi/6.3.1/../../../../arm-none-eabi/lib/thumb/v7e-m/fpv4-sp/hard/libc_nano.a(lib_a-impure.o)
                              /usr/bin/../lib/gcc/arm-none-eabi/6.3.1/../../../../arm-none-eabi/lib/thumb/v7e-m/fpv4-sp/hard/libc_nano.a(lib_a-exit.o) (_global_impure_ptr)
/usr/bin/../lib/gcc/arm-none-eabi/6.3.1/../../../../arm-none-eabi/lib/thumb/v7e-m/fpv4-sp/hard/libc_nano.a(lib_a-init.o)
                              /usr/bin/../lib/gcc/arm-none-eabi/6.3.1/../../../../arm-none-eabi/lib/thumb/v7e-m/fpv4-sp/hard/crt0.o (__libc_init_array)
/usr/bin/../lib/gcc/arm-none-eabi/6.3.1/../../../../arm-none-eabi/lib/thumb/v7e-m/fpv4-sp/hard/libc_nano.a(lib_a-memcpy-stub.o)
                              _build/nrf52832_xxaa/app_scheduler.c.o (memcpy)
/usr/bin/../lib/gcc/arm-none-eabi/6.3.1/../../../../arm-none-eabi/lib/thumb/v7e-m/fpv4-sp/hard/libc_nano.a(lib_a-memset.o)
                              /usr/bin/../lib/gcc/arm-none-eabi/6.3.1/../../../../arm-none-eabi/lib/thumb/v7e-m/fpv4-sp/hard/crt0.o (memset)
/usr/bin/../lib/gcc/arm-none-eabi/6.3.1/../../../../arm-none-eabi/lib/thumb/v7e-m/fpv4-sp/hard/libnosys.a(_exit.o)
                              /usr/bin/../lib/gcc/arm-none-eabi/6.3.1/../../../../arm-none-eabi/lib/thumb/v7e-m/fpv4-sp/hard/libc_nano.a(lib_a-exit.o) (_exit)
/usr/bin/../lib/gcc/arm-none-eabi/6.3.1/thumb/v7e-m/fpv4-sp/hard/libgcc.a(_aeabi_uldivmod.o)
                              _build/nrf52832_xxaa/nrf_drv_wdt.c.o (__aeabi_uldivmod)
/usr/bin/../lib/gcc/arm-none-eabi/6.3.1/thumb/v7e-m/fpv4-sp/hard/libgcc.a(_udivmoddi4.o)
                              /usr/bin/../lib/gcc/arm-none-eabi/6.3.1/thumb/v7e-m/fpv4-sp/hard/libgcc.a(_aeabi_uldivmod.o) (__udivmoddi4)
/usr/bin/../lib/gcc/arm-none-eabi/6.3.1/thumb/v7e-m/fpv4-sp/hard/libgcc.a(_dvmd_tls.o)
                              /usr/bin/../lib/gcc/arm-none-eabi/6.3.1/thumb/v7e-m/fpv4-sp/hard/libgcc.a(_aeabi_uldivmod.o) (__aeabi_ldiv0)

Discarded input sections

 .text          0x0000000000000000        0x0 /usr/bin/../lib/gcc/arm-none-eabi/6.3.1/thumb/v7e-m/fpv4-sp/hard/crti.o
 .data          0x0000000000000000        0x0 /usr/bin/../lib/gcc/arm-none-eabi/6.3.1/thumb/v7e-m/fpv4-sp/hard/crti.o
 .bss           0x0000000000000000        0x0 /usr/bin/../lib/gcc/arm-none-eabi/6.3.1/thumb/v7e-m/fpv4-sp/hard/crti.o
 .data          0x0000000000000000        0x4 /usr/bin/../lib/gcc/arm-none-eabi/6.3.1/thumb/v7e-m/fpv4-sp/hard/crtbegin.o
 .data          0x0000000000000000        0x0 /usr/bin/../lib/gcc/arm-none-eabi/6.3.1/../../../../arm-none-eabi/lib/thumb/v7e-m/fpv4-sp/hard/crt0.o
 .bss           0x0000000000000000        0x0 /usr/bin/../lib/gcc/arm-none-eabi/6.3.1/../../../../arm-none-eabi/lib/thumb/v7e-m/fpv4-sp/hard/crt0.o
 .ARM.extab     0x0000000000000000        0x0 /usr/bin/../lib/gcc/arm-none-eabi/6.3.1/../../../../arm-none-eabi/lib/thumb/v7e-m/fpv4-sp/hard/crt0.o
 .group         0x0000000000000000        0x8 _build/nrf52832_xxaa/nrf_log_frontend.c.o
 .group         0x0000000000000000        0x8 _build/nrf52832_xxaa/nrf_log_frontend.c.o
 .group         0x0000000000000000        0x8 _build/nrf52832_xxaa/nrf_log_frontend.c.o
 .group         0x0000000000000000        0x8 _build/nrf52832_xxaa/nrf_log_frontend.c.o
 .group         0x0000000000000000        0x8 _build/nrf52832_xxaa/nrf_log_frontend.c.o
 .group         0x0000000000000000        0x8 _build/nrf52832_xxaa/nrf_log_frontend.c.o
 .group         0x0000000000000000        0x8 _build/nrf52832_xxaa/nrf_log_frontend.c.o
 .group         0x0000000000000000        0x8 _build/nrf52832_xxaa/nrf_log_frontend.c.o
 .group         0x0000000000000000        0x8 _build/nrf52832_xxaa/nrf_log_frontend.c.o
 .group         0x0000000000000000        0x8 _build/nrf52832_xxaa/nrf_log_frontend.c.o
 .group         0x0000000000000000        0x8 _build/nrf52832_xxaa/nrf_log_frontend.c.o
 .group         0x0000000000000000        0x8 _build/nrf52832_xxaa/nrf_log_frontend.c.o
 .group         0x0000000000000000        0x8 _build/nrf52832_xxaa/nrf_log_frontend.c.o
 .group         0x0000000000000000        0x8 _build/nrf52832_xxaa/nrf_log_frontend.c.o
 .group         0x0000000000000000        0x8 _build/nrf52832_xxaa/nrf_log_frontend.c.o
 .group         0x0000000000000000        0x8 _build/nrf52832_xxaa/nrf_log_frontend.c.o
 .group         0x0000000000000000        0x8 _build/nrf52832_xxaa/nrf_log_frontend.c.o
 .group         0x0000000000000000        0x8 _build/nrf52832_xxaa/nrf_log_frontend.c.o
 .group         0x0000000000000000        0x8 _build/nrf52832_xxaa/nrf_log_frontend.c.o
 .group         0x0000000000000000        0x8 _build/nrf52832_xxaa/nrf_log_frontend.c.o
[...]
Memory Configuration

Name             Origin             Length             Attributes
FLASH            0x0000000000000000 0x0000000000080000 xr
RAM              0x0000000020000000 0x0000000000010000 xrw
*default*        0x0000000000000000 0xffffffffffffffff

Linker script and memory map


.text           0x0000000000000000     0x2650
 *(.isr_vector)
 .isr_vector    0x0000000000000000      0x200 _build/nrf52832_xxaa/gcc_startup_nrf52.S.o
                0x0000000000000000                __isr_vector
 *(.text*)
 .text          0x0000000000000200       0x6c /usr/bin/../lib/gcc/arm-none-eabi/6.3.1/thumb/v7e-m/fpv4-sp/hard/crtbegin.o
 .text          0x000000000000026c       0x74 /usr/bin/../lib/gcc/arm-none-eabi/6.3.1/../../../../arm-none-eabi/lib/thumb/v7e-m/fpv4-sp/hard/crt0.o
                0x000000000000026c                _mainCRTStartup
                0x000000000000026c                _start
 .text.bsp_board_led_state_get
                0x00000000000002e0       0x1c _build/nrf52832_xxaa/boards.c.o
                0x00000000000002e0                bsp_board_led_state_get
 .text.bsp_board_led_on
                0x00000000000002fc       0x18 _build/nrf52832_xxaa/boards.c.o
                0x00000000000002fc                bsp_board_led_on
 .text.bsp_board_led_off
                0x0000000000000314       0x18 _build/nrf52832_xxaa/boards.c.o
                0x0000000000000314                bsp_board_led_off
 .text.bsp_board_leds_off
                0x000000000000032c       0x2c _build/nrf52832_xxaa/boards.c.o
                0x000000000000032c                bsp_board_leds_off
 .text.bsp_board_leds_on
                0x0000000000000358       0x2c _build/nrf52832_xxaa/boards.c.o
                0x0000000000000358                bsp_board_leds_on
 .text.bsp_board_led_invert
                0x0000000000000384       0x24 _build/nrf52832_xxaa/boards.c.o
                0x0000000000000384                bsp_board_led_invert
 .text.bsp_board_leds_init
                0x00000000000003a8       0x3c _build/nrf52832_xxaa/boards.c.o
                0x00000000000003a8                bsp_board_leds_init
 .text.bsp_board_pin_to_button_idx
                0x00000000000003e4       0x24 _build/nrf52832_xxaa/boards.c.o
                0x00000000000003e4                bsp_board_pin_to_button_idx
 .text.detection_delay_timeout_handler
                0x0000000000000408       0xac _build/nrf52832_xxaa/app_button.c.o
 .text.gpiote_event_handler
                0x00000000000004b4       0x5c _build/nrf52832_xxaa/app_button.c.o
 .text.app_button_init
                0x0000000000000510       0xb4 _build/nrf52832_xxaa/app_button.c.o
                0x0000000000000510                app_button_init
 .text.app_button_enable
                0x00000000000005c4       0x2c _build/nrf52832_xxaa/app_button.c.o
                0x00000000000005c4                app_button_enable
 .text.app_error_handler_bare
                0x00000000000005f0       0x20 _build/nrf52832_xxaa/app_error.c.o
                0x00000000000005f0                app_error_handler_bare
 .text.RTC1_IRQHandler
                0x0000000000000610       0xa0 _build/nrf52832_xxaa/app_timer.c.o
                0x0000000000000610                RTC1_IRQHandler
 .text.SWI0_EGU0_IRQHandler
                0x00000000000006b0      0x654 _build/nrf52832_xxaa/app_timer.c.o
                0x00000000000006b0                SWI0_EGU0_IRQHandler
 .text.app_timer_init
                0x0000000000000d04      0x184 _build/nrf52832_xxaa/app_timer.c.o
                0x0000000000000d04                app_timer_init
 .text.app_timer_create
                0x0000000000000e88       0x24 _build/nrf52832_xxaa/app_timer.c.o
                0x0000000000000e88                app_timer_create
 .text.app_timer_start
                0x0000000000000eac       0xa0 _build/nrf52832_xxaa/app_timer.c.o
                0x0000000000000eac                app_timer_start
 .text.app_timer_stop
                0x0000000000000f4c       0x6c _build/nrf52832_xxaa/app_timer.c.o
                0x0000000000000f4c                app_timer_stop
 .text.app_util_critical_region_enter
                0x0000000000000fb8       0x10 _build/nrf52832_xxaa/app_util_platform.c.o
                0x0000000000000fb8                app_util_critical_region_enter
 .text.app_util_critical_region_exit
                0x0000000000000fc8       0x14 _build/nrf52832_xxaa/app_util_platform.c.o
                0x0000000000000fc8                app_util_critical_region_exit
 .text.nrf_drv_clock_init
                0x0000000000000fdc       0x40 _build/nrf52832_xxaa/nrf_drv_clock.c.o
                0x0000000000000fdc                nrf_drv_clock_init
 .text.nrf_drv_clock_lfclk_request
                0x000000000000101c       0x7c _build/nrf52832_xxaa/nrf_drv_clock.c.o
                0x000000000000101c                nrf_drv_clock_lfclk_request
 .text.POWER_CLOCK_IRQHandler
                0x0000000000001098       0x78 _build/nrf52832_xxaa/nrf_drv_clock.c.o
                0x0000000000001098                POWER_CLOCK_IRQHandler
 .text.nrf_drv_common_irq_enable
                0x0000000000001110       0x50 _build/nrf52832_xxaa/nrf_drv_common.c.o
                0x0000000000001110                nrf_drv_common_irq_enable
 .text.nrf_drv_gpiote_init
                0x0000000000001160       0x84 _build/nrf52832_xxaa/nrf_drv_gpiote.c.o
                0x0000000000001160                nrf_drv_gpiote_init
 .text.nrf_drv_gpiote_is_init
                0x00000000000011e4       0x14 _build/nrf52832_xxaa/nrf_drv_gpiote.c.o
                0x00000000000011e4                nrf_drv_gpiote_is_init
 .text.nrf_drv_gpiote_in_init
                0x00000000000011f8      0x180 _build/nrf52832_xxaa/nrf_drv_gpiote.c.o
                0x00000000000011f8                nrf_drv_gpiote_in_init
 .text.nrf_drv_gpiote_in_event_enable
                0x0000000000001378       0xc4 _build/nrf52832_xxaa/nrf_drv_gpiote.c.o
                0x0000000000001378                nrf_drv_gpiote_in_event_enable
 .text.nrf_drv_gpiote_in_is_set
                0x000000000000143c       0x14 _build/nrf52832_xxaa/nrf_drv_gpiote.c.o
                0x000000000000143c                nrf_drv_gpiote_in_is_set
 .text.GPIOTE_IRQHandler
                0x0000000000001450      0x528 _build/nrf52832_xxaa/nrf_drv_gpiote.c.o
                0x0000000000001450                GPIOTE_IRQHandler
 .text.WDT_IRQHandler
                0x0000000000001978       0x34 _build/nrf52832_xxaa/nrf_drv_wdt.c.o
                0x0000000000001978                WDT_IRQHandler
 .text.alert_timer_handler
                0x00000000000019ac        0x8 _build/nrf52832_xxaa/bsp.c.o
 .text.bsp_button_event_handler
                0x00000000000019b4       0xa4 _build/nrf52832_xxaa/bsp.c.o
 .text.button_timer_handler
                0x0000000000001a58       0x30 _build/nrf52832_xxaa/bsp.c.o
 .text.leds_timer_handler
                0x0000000000001a88      0x2e8 _build/nrf52832_xxaa/bsp.c.o
 .text.bsp_init
                0x0000000000001d70       0xac _build/nrf52832_xxaa/bsp.c.o
                0x0000000000001d70                bsp_init
 .text.bsp_buttons_enable
                0x0000000000001e1c        0x4 _build/nrf52832_xxaa/bsp.c.o
                0x0000000000001e1c                bsp_buttons_enable
 .text.bsp_event_callback
                0x0000000000001e20        0xc _build/nrf52832_xxaa/main.c.o
                0x0000000000001e20                bsp_event_callback
 .text.app_error_fault_handler
                0x0000000000001e2c        0x8 _build/nrf52832_xxaa/main.c.o
                0x0000000000001e2c                app_error_fault_handler
 .text.startup.main
                0x0000000000001e34       0x68 _build/nrf52832_xxaa/main.c.o
                0x0000000000001e34                main
 .text          0x0000000000001e9c       0x3c _build/nrf52832_xxaa/gcc_startup_nrf52.S.o
                0x0000000000001e9c                Reset_Handler
                0x0000000000001ec4                NMI_Handler
                0x0000000000001ec6                HardFault_Handler
                0x0000000000001ec8                MemoryManagement_Handler
                0x0000000000001eca                BusFault_Handler
                0x0000000000001ecc                UsageFault_Handler
                0x0000000000001ece                SVC_Handler
                0x0000000000001ed0                DebugMon_Handler
                0x0000000000001ed2                PendSV_Handler
                0x0000000000001ed4                SysTick_Handler
                0x0000000000001ed6                TIMER2_IRQHandler
                0x0000000000001ed6                RTC0_IRQHandler
                0x0000000000001ed6                SWI2_EGU2_IRQHandler
                0x0000000000001ed6                PWM1_IRQHandler
                0x0000000000001ed6                RADIO_IRQHandler
                0x0000000000001ed6                PDM_IRQHandler
                0x0000000000001ed6                TEMP_IRQHandler
                0x0000000000001ed6                QDEC_IRQHandler
                0x0000000000001ed6                TIMER3_IRQHandler
                0x0000000000001ed6                FPU_IRQHandler
                0x0000000000001ed6                SPIM0_SPIS0_TWIM0_TWIS0_SPI0_TWI0_IRQHandler
                0x0000000000001ed6                UARTE0_UART0_IRQHandler
                0x0000000000001ed6                TIMER4_IRQHandler
                0x0000000000001ed6                I2S_IRQHandler
                0x0000000000001ed6                SWI4_EGU4_IRQHandler
                0x0000000000001ed6                TIMER0_IRQHandler
                0x0000000000001ed6                TIMER1_IRQHandler
                0x0000000000001ed6                PWM2_IRQHandler
                0x0000000000001ed6                ECB_IRQHandler
                0x0000000000001ed6                SPIM1_SPIS1_TWIM1_TWIS1_SPI1_TWI1_IRQHandler
                0x0000000000001ed6                Default_Handler
                0x0000000000001ed6                SAADC_IRQHandler
                0x0000000000001ed6                CCM_AAR_IRQHandler
                0x0000000000001ed6                SWI5_EGU5_IRQHandler
                0x0000000000001ed6                RNG_IRQHandler
                0x0000000000001ed6                RTC2_IRQHandler
                0x0000000000001ed6                PWM0_IRQHandler
                0x0000000000001ed6                SWI3_EGU3_IRQHandler
                0x0000000000001ed6                SWI1_EGU1_IRQHandler
                0x0000000000001ed6                SPIM2_SPIS2_SPI2_IRQHandler
                0x0000000000001ed6                NFCT_IRQHandler
                0x0000000000001ed6                MWU_IRQHandler
                0x0000000000001ed6                COMP_LPCOMP_IRQHandler
 .text.SystemInit
                0x0000000000001ed8      0x390 _build/nrf52832_xxaa/system_nrf52.c.o
                0x0000000000001ed8                SystemInit
 .text.exit     0x0000000000002268       0x28 /usr/bin/../lib/gcc/arm-none-eabi/6.3.1/../../../../arm-none-eabi/lib/thumb/v7e-m/fpv4-sp/hard/libc_nano.a(lib_a-exit.o)
                0x0000000000002268                exit
 .text.__libc_init_array
                0x0000000000002290       0x48 /usr/bin/../lib/gcc/arm-none-eabi/6.3.1/../../../../arm-none-eabi/lib/thumb/v7e-m/fpv4-sp/hard/libc_nano.a(lib_a-init.o)
                0x0000000000002290                __libc_init_array
 .text.memset   0x00000000000022d8       0x10 /usr/bin/../lib/gcc/arm-none-eabi/6.3.1/../../../../arm-none-eabi/lib/thumb/v7e-m/fpv4-sp/hard/libc_nano.a(lib_a-memset.o)
                0x00000000000022d8                memset
 .text._exit    0x00000000000022e8        0x4 /usr/bin/../lib/gcc/arm-none-eabi/6.3.1/../../../../arm-none-eabi/lib/thumb/v7e-m/fpv4-sp/hard/libnosys.a(_exit.o)
                0x00000000000022e8                _exit
 .text          0x00000000000022ec       0x30 /usr/bin/../lib/gcc/arm-none-eabi/6.3.1/thumb/v7e-m/fpv4-sp/hard/libgcc.a(_aeabi_uldivmod.o)
                0x00000000000022ec                __aeabi_uldivmod
 .text          0x000000000000231c      0x2dc /usr/bin/../lib/gcc/arm-none-eabi/6.3.1/thumb/v7e-m/fpv4-sp/hard/libgcc.a(_udivmoddi4.o)
                0x000000000000231c                __udivmoddi4
 .text          0x00000000000025f8        0x4 /usr/bin/../lib/gcc/arm-none-eabi/6.3.1/thumb/v7e-m/fpv4-sp/hard/libgcc.a(_dvmd_tls.o)
                0x00000000000025f8                __aeabi_ldiv0
                0x00000000000025f8                __aeabi_idiv0
 *(.init)
 .init          0x00000000000025fc        0x4 /usr/bin/../lib/gcc/arm-none-eabi/6.3.1/thumb/v7e-m/fpv4-sp/hard/crti.o
                0x00000000000025fc                _init
 .init          0x0000000000002600        0x8 /usr/bin/../lib/gcc/arm-none-eabi/6.3.1/thumb/v7e-m/fpv4-sp/hard/crtn.o
 *(.fini)
 .fini          0x0000000000002608        0x4 /usr/bin/../lib/gcc/arm-none-eabi/6.3.1/thumb/v7e-m/fpv4-sp/hard/crti.o
                0x0000000000002608                _fini
 .fini          0x000000000000260c        0x8 /usr/bin/../lib/gcc/arm-none-eabi/6.3.1/thumb/v7e-m/fpv4-sp/hard/crtn.o
 *crtbegin.o(.ctors)
 *crtbegin?.o(.ctors)
 *(EXCLUDE_FILE(*crtend.o *crtend?.o) .ctors)
 *(SORT(.ctors.*))
 *(.ctors)
 *crtbegin.o(.dtors)
 *crtbegin?.o(.dtors)
 *(EXCLUDE_FILE(*crtend.o *crtend?.o) .dtors)
 *(SORT(.dtors.*))
 *(.dtors)
 *(.rodata*)
 .rodata.m_board_led_list
                0x0000000000002614        0x4 _build/nrf52832_xxaa/boards.c.o
 .rodata.m_detection_delay_timer_id
                0x0000000000002618        0x4 _build/nrf52832_xxaa/app_button.c.o
 .rodata.app_buttons
                0x000000000000261c       0x20 _build/nrf52832_xxaa/bsp.c.o
 .rodata.m_alert_timer_id
                0x000000000000263c        0x4 _build/nrf52832_xxaa/bsp.c.o
 .rodata.m_button_timer_id
                0x0000000000002640        0x4 _build/nrf52832_xxaa/bsp.c.o
 .rodata.m_leds_timer_id
                0x0000000000002644        0x4 _build/nrf52832_xxaa/bsp.c.o
 .rodata._global_impure_ptr
                0x0000000000002648        0x4 /usr/bin/../lib/gcc/arm-none-eabi/6.3.1/../../../../arm-none-eabi/lib/thumb/v7e-m/fpv4-sp/hard/libc_nano.a(lib_a-impure.o)
                0x0000000000002648                _global_impure_ptr
 *(.eh_frame*)
 .eh_frame      0x000000000000264c        0x0 /usr/bin/../lib/gcc/arm-none-eabi/6.3.1/thumb/v7e-m/fpv4-sp/hard/crtbegin.o
 .eh_frame      0x000000000000264c        0x4 /usr/bin/../lib/gcc/arm-none-eabi/6.3.1/thumb/v7e-m/fpv4-sp/hard/crtend.o

.glue_7         0x0000000000002650        0x0
 .glue_7        0x0000000000002650        0x0 linker stubs

.glue_7t        0x0000000000002650        0x0
 .glue_7t       0x0000000000002650        0x0 linker stubs

.vfp11_veneer   0x0000000000002650        0x0
 .vfp11_veneer  0x0000000000002650        0x0 linker stubs

.v4_bx          0x0000000000002650        0x0
 .v4_bx         0x0000000000002650        0x0 linker stubs

.iplt           0x0000000000002650        0x0
 .iplt          0x0000000000002650        0x0 /usr/bin/../lib/gcc/arm-none-eabi/6.3.1/thumb/v7e-m/fpv4-sp/hard/crtbegin.o

.mem_section_dummy_rom

.log_const_data
                0x0000000000002650        0x0
                [!provide]                        PROVIDE (__start_log_const_data, .)
 *(.log_const_data)
                [!provide]                        PROVIDE (__stop_log_const_data, .)

.ARM.extab
 *(.ARM.extab* .gnu.linkonce.armextab.*)
                0x0000000000002650                __exidx_start = .

.ARM.exidx      0x0000000000002650        0x8
 *(.ARM.exidx* .gnu.linkonce.armexidx.*)
 .ARM.exidx     0x0000000000002650        0x8 /usr/bin/../lib/gcc/arm-none-eabi/6.3.1/../../../../arm-none-eabi/lib/thumb/v7e-m/fpv4-sp/hard/crt0.o
 .ARM.exidx     0x0000000000002658        0x0 /usr/bin/../lib/gcc/arm-none-eabi/6.3.1/thumb/v7e-m/fpv4-sp/hard/libgcc.a(_udivmoddi4.o)
                                          0x8 (size before relaxing)
                0x0000000000002658                __exidx_end = .
                0x0000000000002658                __etext = .

.rel.dyn        0x0000000000002658        0x0
 .rel.iplt      0x0000000000002658        0x0 /usr/bin/../lib/gcc/arm-none-eabi/6.3.1/thumb/v7e-m/fpv4-sp/hard/crtbegin.o

.data           0x0000000020000000       0x70 load address 0x0000000000002658
                0x0000000020000000                __data_start__ = .
 *(vtable)
 *(.data*)
 .data.SystemCoreClock
                0x0000000020000000        0x4 _build/nrf52832_xxaa/system_nrf52.c.o
                0x0000000020000000                SystemCoreClock
 .data.impure_data
                0x0000000020000004       0x60 /usr/bin/../lib/gcc/arm-none-eabi/6.3.1/../../../../arm-none-eabi/lib/thumb/v7e-m/fpv4-sp/hard/libc_nano.a(lib_a-impure.o)
                0x0000000020000064                . = ALIGN (0x4)
                0x0000000020000064                PROVIDE (__preinit_array_start, .)
 *(.preinit_array)
                0x0000000020000064                PROVIDE (__preinit_array_end, .)
                0x0000000020000064                . = ALIGN (0x4)
                0x0000000020000064                PROVIDE (__init_array_start, .)
 *(SORT(.init_array.*))
 *(.init_array)
 .init_array    0x0000000020000064        0x4 /usr/bin/../lib/gcc/arm-none-eabi/6.3.1/thumb/v7e-m/fpv4-sp/hard/crtbegin.o
                0x0000000020000068                PROVIDE (__init_array_end, .)
                0x0000000020000068                . = ALIGN (0x4)
                [!provide]                        PROVIDE (__fini_array_start, .)
 *(SORT(.fini_array.*))
 *(.fini_array)
 .fini_array    0x0000000020000068        0x4 /usr/bin/../lib/gcc/arm-none-eabi/6.3.1/thumb/v7e-m/fpv4-sp/hard/crtbegin.o
                [!provide]                        PROVIDE (__fini_array_end, .)
 *(.jcr*)
 .jcr           0x000000002000006c        0x0 /usr/bin/../lib/gcc/arm-none-eabi/6.3.1/thumb/v7e-m/fpv4-sp/hard/crtbegin.o
 .jcr           0x000000002000006c        0x4 /usr/bin/../lib/gcc/arm-none-eabi/6.3.1/thumb/v7e-m/fpv4-sp/hard/crtend.o
                0x0000000020000070                . = ALIGN (0x4)
                0x0000000020000070                __data_end__ = .
LOAD /usr/bin/../lib/gcc/arm-none-eabi/6.3.1/thumb/v7e-m/fpv4-sp/hard/crti.o
LOAD /usr/bin/../lib/gcc/arm-none-eabi/6.3.1/thumb/v7e-m/fpv4-sp/hard/crtbegin.o
LOAD /usr/bin/../lib/gcc/arm-none-eabi/6.3.1/../../../../arm-none-eabi/lib/thumb/v7e-m/fpv4-sp/hard/crt0.o
LOAD _build/nrf52832_xxaa/nrf_log_frontend.c.o
LOAD _build/nrf52832_xxaa/boards.c.o
LOAD _build/nrf52832_xxaa/app_button.c.o
LOAD _build/nrf52832_xxaa/app_error.c.o
LOAD _build/nrf52832_xxaa/app_error_weak.c.o
LOAD _build/nrf52832_xxaa/app_scheduler.c.o
LOAD _build/nrf52832_xxaa/app_timer.c.o
LOAD _build/nrf52832_xxaa/app_util_platform.c.o
LOAD _build/nrf52832_xxaa/nrf_assert.c.o
LOAD _build/nrf52832_xxaa/nrf_balloc.c.o
LOAD _build/nrf52832_xxaa/nrf_memobj.c.o
LOAD _build/nrf52832_xxaa/nrf_strerror.c.o
LOAD _build/nrf52832_xxaa/nrf_drv_clock.c.o
LOAD _build/nrf52832_xxaa/nrf_drv_common.c.o
LOAD _build/nrf52832_xxaa/nrf_drv_gpiote.c.o
LOAD _build/nrf52832_xxaa/nrf_drv_wdt.c.o
LOAD _build/nrf52832_xxaa/nrf_nvic.c.o
LOAD _build/nrf52832_xxaa/nrf_soc.c.o
LOAD _build/nrf52832_xxaa/bsp.c.o
LOAD _build/nrf52832_xxaa/bsp_nfc.c.o
LOAD _build/nrf52832_xxaa/main.c.o
LOAD _build/nrf52832_xxaa/gcc_startup_nrf52.S.o
LOAD _build/nrf52832_xxaa/system_nrf52.c.o
LOAD /usr/bin/../lib/gcc/arm-none-eabi/6.3.1/../../../../arm-none-eabi/lib/thumb/v7e-m/fpv4-sp/hard/libc_nano.a
LOAD /usr/bin/../lib/gcc/arm-none-eabi/6.3.1/../../../../arm-none-eabi/lib/thumb/v7e-m/fpv4-sp/hard/libnosys.a
LOAD /usr/bin/../lib/gcc/arm-none-eabi/6.3.1/../../../../arm-none-eabi/lib/thumb/v7e-m/fpv4-sp/hard/libm.a
START GROUP
LOAD /usr/bin/../lib/gcc/arm-none-eabi/6.3.1/thumb/v7e-m/fpv4-sp/hard/libgcc.a
LOAD /usr/bin/../lib/gcc/arm-none-eabi/6.3.1/../../../../arm-none-eabi/lib/thumb/v7e-m/fpv4-sp/hard/libg_nano.a
LOAD /usr/bin/../lib/gcc/arm-none-eabi/6.3.1/../../../../arm-none-eabi/lib/thumb/v7e-m/fpv4-sp/hard/libc_nano.a
END GROUP
START GROUP
LOAD /usr/bin/../lib/gcc/arm-none-eabi/6.3.1/thumb/v7e-m/fpv4-sp/hard/libgcc.a
LOAD /usr/bin/../lib/gcc/arm-none-eabi/6.3.1/../../../../arm-none-eabi/lib/thumb/v7e-m/fpv4-sp/hard/libc_nano.a
END GROUP
LOAD /usr/bin/../lib/gcc/arm-none-eabi/6.3.1/thumb/v7e-m/fpv4-sp/hard/crtend.o
LOAD /usr/bin/../lib/gcc/arm-none-eabi/6.3.1/thumb/v7e-m/fpv4-sp/hard/crtn.o
START GROUP
LOAD /usr/bin/../lib/gcc/arm-none-eabi/6.3.1/thumb/v7e-m/fpv4-sp/hard/libgcc.a
LOAD /usr/bin/../lib/gcc/arm-none-eabi/6.3.1/../../../../arm-none-eabi/lib/thumb/v7e-m/fpv4-sp/hard/libc.a
LOAD /usr/bin/../lib/gcc/arm-none-eabi/6.3.1/../../../../arm-none-eabi/lib/thumb/v7e-m/fpv4-sp/hard/libnosys.a
END GROUP

.igot.plt       0x0000000020000070        0x0 load address 0x00000000000026c8
 .igot.plt      0x0000000020000070        0x0 /usr/bin/../lib/gcc/arm-none-eabi/6.3.1/thumb/v7e-m/fpv4-sp/hard/crtbegin.o
                0x0000000020000070                . = ALIGN (0x4)

.mem_section_dummy_ram

.log_dynamic_data
                0x0000000020000070        0x0
                [!provide]                        PROVIDE (__start_log_dynamic_data, .)
 *(.log_dynamic_data)
                [!provide]                        PROVIDE (__stop_log_dynamic_data, .)

.bss            0x0000000020000070      0x26c load address 0x00000000000026c8
                0x0000000020000070                . = ALIGN (0x4)
                0x0000000020000070                __bss_start__ = .
 *(.bss*)
 .bss           0x0000000020000070       0x1c /usr/bin/../lib/gcc/arm-none-eabi/6.3.1/thumb/v7e-m/fpv4-sp/hard/crtbegin.o
 .bss.m_button_count
                0x000000002000008c        0x1 _build/nrf52832_xxaa/app_button.c.o
 *fill*         0x000000002000008d        0x3 
 .bss.m_detection_delay
                0x0000000020000090        0x4 _build/nrf52832_xxaa/app_button.c.o
 .bss.m_detection_delay_timer_id_data
                0x0000000020000094       0x20 _build/nrf52832_xxaa/app_button.c.o
 .bss.m_pin_state
                0x00000000200000b4        0x4 _build/nrf52832_xxaa/app_button.c.o
 .bss.m_pin_transition
                0x00000000200000b8        0x4 _build/nrf52832_xxaa/app_button.c.o
 .bss.mp_buttons
                0x00000000200000bc        0x4 _build/nrf52832_xxaa/app_button.c.o
 .bss.m_op_queue
                0x00000000200000c0      0x10c _build/nrf52832_xxaa/app_timer.c.o
 .bss.m_rtc1_reset
                0x00000000200001cc        0x1 _build/nrf52832_xxaa/app_timer.c.o
 .bss.m_rtc1_running
                0x00000000200001cd        0x1 _build/nrf52832_xxaa/app_timer.c.o
 *fill*         0x00000000200001ce        0x2 
 .bss.m_ticks_elapsed
                0x00000000200001d0        0x8 _build/nrf52832_xxaa/app_timer.c.o
 .bss.m_ticks_elapsed_q_read_ind
                0x00000000200001d8        0x1 _build/nrf52832_xxaa/app_timer.c.o
 .bss.m_ticks_elapsed_q_write_ind
                0x00000000200001d9        0x1 _build/nrf52832_xxaa/app_timer.c.o
 *fill*         0x00000000200001da        0x2 
 .bss.m_ticks_latest
                0x00000000200001dc        0x4 _build/nrf52832_xxaa/app_timer.c.o
 .bss.mp_timer_id_head
                0x00000000200001e0        0x4 _build/nrf52832_xxaa/app_timer.c.o
 .bss.m_in_critical_region
                0x00000000200001e4        0x4 _build/nrf52832_xxaa/app_util_platform.c.o
 .bss.m_clock_cb
                0x00000000200001e8       0x14 _build/nrf52832_xxaa/nrf_drv_clock.c.o
 .bss.m_cb      0x00000000200001fc       0x58 _build/nrf52832_xxaa/nrf_drv_gpiote.c.o
 .bss.m_wdt_event_handler
                0x0000000020000254        0x4 _build/nrf52832_xxaa/nrf_drv_wdt.c.o
 .bss.current_long_push_pin_no.8406
                0x0000000020000258        0x1 _build/nrf52832_xxaa/bsp.c.o
 .bss.m_alert_on
                0x0000000020000259        0x1 _build/nrf52832_xxaa/bsp.c.o
 *fill*         0x000000002000025a        0x2 
 .bss.m_alert_timer_id_data
                0x000000002000025c       0x20 _build/nrf52832_xxaa/bsp.c.o
 .bss.m_button_timer_id_data
                0x000000002000027c       0x20 _build/nrf52832_xxaa/bsp.c.o
 .bss.m_events_list
                0x000000002000029c        0xc _build/nrf52832_xxaa/bsp.c.o
 .bss.m_indication_type
                0x00000000200002a8        0x4 _build/nrf52832_xxaa/bsp.c.o
 .bss.m_leds_clear
                0x00000000200002ac        0x1 _build/nrf52832_xxaa/bsp.c.o
 *fill*         0x00000000200002ad        0x3 
 .bss.m_leds_timer_id_data
                0x00000000200002b0       0x20 _build/nrf52832_xxaa/bsp.c.o
 .bss.m_registered_callback
                0x00000000200002d0        0x4 _build/nrf52832_xxaa/bsp.c.o
 .bss.m_stable_state
                0x00000000200002d4        0x1 _build/nrf52832_xxaa/bsp.c.o
 *fill*         0x00000000200002d5        0x3 
 .bss.release_event_at_push.8407
                0x00000000200002d8        0x4 _build/nrf52832_xxaa/bsp.c.o
 *(COMMON)
                0x00000000200002dc                . = ALIGN (0x4)
                0x00000000200002dc                __bss_end__ = .

.heap           0x00000000200002e0     0x2000
                0x00000000200002e0                __HeapBase = .
                0x00000000200002e0                __end__ = .
                [!provide]                        PROVIDE (end, .)
 *(.heap*)
 .heap          0x00000000200002e0     0x2000 _build/nrf52832_xxaa/gcc_startup_nrf52.S.o
                0x00000000200022e0                __HeapLimit = .

.stack_dummy    0x00000000200002e0     0x2000
 *(.stack*)
 .stack         0x00000000200002e0     0x2000 _build/nrf52832_xxaa/gcc_startup_nrf52.S.o
                0x0000000020010000                __StackTop = (ORIGIN (RAM) + LENGTH (RAM))
                0x000000002000e000                __StackLimit = (__StackTop - SIZEOF (.stack_dummy))
                0x0000000020010000                PROVIDE (__stack, __StackTop)
                0x0000000000000001                ASSERT ((__StackLimit >= __HeapLimit), region RAM overflowed with stack)
                0x0000000000000070                DataInitFlashUsed = (__bss_start__ - __data_start__)
                0x0000000000002658                CodeFlashUsed = (__etext - ORIGIN (FLASH))
                0x00000000000026c8                TotalFlashUsed = (CodeFlashUsed + DataInitFlashUsed)
                0x0000000000000001                ASSERT ((TotalFlashUsed <= LENGTH (FLASH)), region FLASH overflowed with .data and user data)
OUTPUT(_build/nrf52832_xxaa.out elf32-littlearm)

.ARM.attributes
                0x0000000000000000       0x30
 .ARM.attributes
                0x0000000000000000       0x22 /usr/bin/../lib/gcc/arm-none-eabi/6.3.1/thumb/v7e-m/fpv4-sp/hard/crti.o
 .ARM.attributes
                0x0000000000000022       0x34 /usr/bin/../lib/gcc/arm-none-eabi/6.3.1/thumb/v7e-m/fpv4-sp/hard/crtbegin.o
 .ARM.attributes
                0x0000000000000056       0x20 /usr/bin/../lib/gcc/arm-none-eabi/6.3.1/../../../../arm-none-eabi/lib/thumb/v7e-m/fpv4-sp/hard/crt0.o
 .ARM.attributes
                0x0000000000000076       0x39 _build/nrf52832_xxaa/boards.c.o
 .ARM.attributes
                0x00000000000000af       0x39 _build/nrf52832_xxaa/app_button.c.o
 .ARM.attributes
                0x00000000000000e8       0x39 _build/nrf52832_xxaa/app_error.c.o
 .ARM.attributes
                0x0000000000000121       0x39 _build/nrf52832_xxaa/app_timer.c.o
 .ARM.attributes
                0x000000000000015a       0x39 _build/nrf52832_xxaa/app_util_platform.c.o
 .ARM.attributes
                0x0000000000000193       0x39 _build/nrf52832_xxaa/nrf_drv_clock.c.o
 .ARM.attributes
                0x00000000000001cc       0x39 _build/nrf52832_xxaa/nrf_drv_common.c.o
 .ARM.attributes
                0x0000000000000205       0x39 _build/nrf52832_xxaa/nrf_drv_gpiote.c.o
 .ARM.attributes
                0x000000000000023e       0x39 _build/nrf52832_xxaa/nrf_drv_wdt.c.o
 .ARM.attributes
                0x0000000000000277       0x39 _build/nrf52832_xxaa/bsp.c.o
 .ARM.attributes
                0x00000000000002b0       0x39 _build/nrf52832_xxaa/main.c.o
 .ARM.attributes
                0x00000000000002e9       0x20 _build/nrf52832_xxaa/gcc_startup_nrf52.S.o
 .ARM.attributes
                0x0000000000000309       0x39 _build/nrf52832_xxaa/system_nrf52.c.o
 .ARM.attributes
                0x0000000000000342       0x34 /usr/bin/../lib/gcc/arm-none-eabi/6.3.1/../../../../arm-none-eabi/lib/thumb/v7e-m/fpv4-sp/hard/libc_nano.a(lib_a-exit.o)
 .ARM.attributes
                0x0000000000000376       0x34 /usr/bin/../lib/gcc/arm-none-eabi/6.3.1/../../../../arm-none-eabi/lib/thumb/v7e-m/fpv4-sp/hard/libc_nano.a(lib_a-impure.o)
 .ARM.attributes
                0x00000000000003aa       0x34 /usr/bin/../lib/gcc/arm-none-eabi/6.3.1/../../../../arm-none-eabi/lib/thumb/v7e-m/fpv4-sp/hard/libc_nano.a(lib_a-init.o)
 .ARM.attributes
                0x00000000000003de       0x34 /usr/bin/../lib/gcc/arm-none-eabi/6.3.1/../../../../arm-none-eabi/lib/thumb/v7e-m/fpv4-sp/hard/libc_nano.a(lib_a-memset.o)
 .ARM.attributes
                0x0000000000000412       0x34 /usr/bin/../lib/gcc/arm-none-eabi/6.3.1/../../../../arm-none-eabi/lib/thumb/v7e-m/fpv4-sp/hard/libnosys.a(_exit.o)
 .ARM.attributes
                0x0000000000000446       0x22 /usr/bin/../lib/gcc/arm-none-eabi/6.3.1/thumb/v7e-m/fpv4-sp/hard/libgcc.a(_aeabi_uldivmod.o)
 .ARM.attributes
                0x0000000000000468       0x34 /usr/bin/../lib/gcc/arm-none-eabi/6.3.1/thumb/v7e-m/fpv4-sp/hard/libgcc.a(_udivmoddi4.o)
 .ARM.attributes
                0x000000000000049c       0x22 /usr/bin/../lib/gcc/arm-none-eabi/6.3.1/thumb/v7e-m/fpv4-sp/hard/libgcc.a(_dvmd_tls.o)
 .ARM.attributes
                0x00000000000004be       0x34 /usr/bin/../lib/gcc/arm-none-eabi/6.3.1/thumb/v7e-m/fpv4-sp/hard/crtend.o
 .ARM.attributes
                0x00000000000004f2       0x22 /usr/bin/../lib/gcc/arm-none-eabi/6.3.1/thumb/v7e-m/fpv4-sp/hard/crtn.o

.comment        0x0000000000000000       0x7f
 .comment       0x0000000000000000       0x7f _build/nrf52832_xxaa/boards.c.o
                                         0x80 (size before relaxing)
 .comment       0x000000000000007f       0x80 _build/nrf52832_xxaa/app_button.c.o
 .comment       0x000000000000007f       0x80 _build/nrf52832_xxaa/app_error.c.o
 .comment       0x000000000000007f       0x80 _build/nrf52832_xxaa/app_timer.c.o
 .comment       0x000000000000007f       0x80 _build/nrf52832_xxaa/app_util_platform.c.o
 .comment       0x000000000000007f       0x80 _build/nrf52832_xxaa/nrf_drv_clock.c.o
 .comment       0x000000000000007f       0x80 _build/nrf52832_xxaa/nrf_drv_common.c.o
 .comment       0x000000000000007f       0x80 _build/nrf52832_xxaa/nrf_drv_gpiote.c.o
 .comment       0x000000000000007f       0x80 _build/nrf52832_xxaa/nrf_drv_wdt.c.o
 .comment       0x000000000000007f       0x80 _build/nrf52832_xxaa/bsp.c.o
 .comment       0x000000000000007f       0x80 _build/nrf52832_xxaa/main.c.o
 .comment       0x000000000000007f       0x80 _build/nrf52832_xxaa/system_nrf52.c.o

.debug_info     0x0000000000000000    0x10710
 .debug_info    0x0000000000000000     0x1407 _build/nrf52832_xxaa/boards.c.o
 .debug_info    0x0000000000001407      0xe44 _build/nrf52832_xxaa/app_button.c.o
 .debug_info    0x000000000000224b      0xb5f _build/nrf52832_xxaa/app_error.c.o
 .debug_info    0x0000000000002daa     0x22cb _build/nrf52832_xxaa/app_timer.c.o
 .debug_info    0x0000000000005075      0xfaa _build/nrf52832_xxaa/app_util_platform.c.o
 .debug_info    0x000000000000601f     0x19ad _build/nrf52832_xxaa/nrf_drv_clock.c.o
 .debug_info    0x00000000000079cc      0xe88 _build/nrf52832_xxaa/nrf_drv_common.c.o
 .debug_info    0x0000000000008854     0x3018 _build/nrf52832_xxaa/nrf_drv_gpiote.c.o
 .debug_info    0x000000000000b86c     0x113e _build/nrf52832_xxaa/nrf_drv_wdt.c.o
 .debug_info    0x000000000000c9aa     0x1f9c _build/nrf52832_xxaa/bsp.c.o
 .debug_info    0x000000000000e946      0xc04 _build/nrf52832_xxaa/main.c.o
 .debug_info    0x000000000000f54a       0xc1 _build/nrf52832_xxaa/gcc_startup_nrf52.S.o
 .debug_info    0x000000000000f60b     0x1105 _build/nrf52832_xxaa/system_nrf52.c.o

.debug_abbrev   0x0000000000000000     0x28ba
 .debug_abbrev  0x0000000000000000      0x382 _build/nrf52832_xxaa/boards.c.o
 .debug_abbrev  0x0000000000000382      0x2b3 _build/nrf52832_xxaa/app_button.c.o
 .debug_abbrev  0x0000000000000635      0x235 _build/nrf52832_xxaa/app_error.c.o
 .debug_abbrev  0x000000000000086a      0x46c _build/nrf52832_xxaa/app_timer.c.o
 .debug_abbrev  0x0000000000000cd6      0x324 _build/nrf52832_xxaa/app_util_platform.c.o
 .debug_abbrev  0x0000000000000ffa      0x4be _build/nrf52832_xxaa/nrf_drv_clock.c.o
 .debug_abbrev  0x00000000000014b8      0x285 _build/nrf52832_xxaa/nrf_drv_common.c.o
 .debug_abbrev  0x000000000000173d      0x4d5 _build/nrf52832_xxaa/nrf_drv_gpiote.c.o
 .debug_abbrev  0x0000000000001c12      0x383 _build/nrf52832_xxaa/nrf_drv_wdt.c.o
 .debug_abbrev  0x0000000000001f95      0x4a0 _build/nrf52832_xxaa/bsp.c.o
 .debug_abbrev  0x0000000000002435      0x28f _build/nrf52832_xxaa/main.c.o
 .debug_abbrev  0x00000000000026c4       0x14 _build/nrf52832_xxaa/gcc_startup_nrf52.S.o
 .debug_abbrev  0x00000000000026d8      0x1e2 _build/nrf52832_xxaa/system_nrf52.c.o

.debug_loc      0x0000000000000000     0x53ea
 .debug_loc     0x0000000000000000      0x845 _build/nrf52832_xxaa/boards.c.o
 .debug_loc     0x0000000000000845      0x35e _build/nrf52832_xxaa/app_button.c.o
 .debug_loc     0x0000000000000ba3      0x145 _build/nrf52832_xxaa/app_error.c.o
 .debug_loc     0x0000000000000ce8      0xd47 _build/nrf52832_xxaa/app_timer.c.o
 .debug_loc     0x0000000000001a2f       0xae _build/nrf52832_xxaa/app_util_platform.c.o
 .debug_loc     0x0000000000001add      0x406 _build/nrf52832_xxaa/nrf_drv_clock.c.o
 .debug_loc     0x0000000000001ee3       0xea _build/nrf52832_xxaa/nrf_drv_common.c.o
 .debug_loc     0x0000000000001fcd     0x24d0 _build/nrf52832_xxaa/nrf_drv_gpiote.c.o
 .debug_loc     0x000000000000449d      0x258 _build/nrf52832_xxaa/nrf_drv_wdt.c.o
 .debug_loc     0x00000000000046f5      0xb8d _build/nrf52832_xxaa/bsp.c.o
 .debug_loc     0x0000000000005282      0x168 _build/nrf52832_xxaa/main.c.o

.debug_aranges  0x0000000000000000      0x468
 .debug_aranges
                0x0000000000000000       0x80 _build/nrf52832_xxaa/boards.c.o
 .debug_aranges
                0x0000000000000080       0x48 _build/nrf52832_xxaa/app_button.c.o
 .debug_aranges
                0x00000000000000c8       0x30 _build/nrf52832_xxaa/app_error.c.o
 .debug_aranges
                0x00000000000000f8       0x70 _build/nrf52832_xxaa/app_timer.c.o
 .debug_aranges
                0x0000000000000168       0x48 _build/nrf52832_xxaa/app_util_platform.c.o
 .debug_aranges
                0x00000000000001b0       0x80 _build/nrf52832_xxaa/nrf_drv_clock.c.o
 .debug_aranges
                0x0000000000000230       0x28 _build/nrf52832_xxaa/nrf_drv_common.c.o
 .debug_aranges
                0x0000000000000258       0xd8 _build/nrf52832_xxaa/nrf_drv_gpiote.c.o
 .debug_aranges
                0x0000000000000330       0x48 _build/nrf52832_xxaa/nrf_drv_wdt.c.o
 .debug_aranges
                0x0000000000000378       0x78 _build/nrf52832_xxaa/bsp.c.o
 .debug_aranges
                0x00000000000003f0       0x30 _build/nrf52832_xxaa/main.c.o
 .debug_aranges
                0x0000000000000420       0x20 _build/nrf52832_xxaa/gcc_startup_nrf52.S.o
 .debug_aranges
                0x0000000000000440       0x28 _build/nrf52832_xxaa/system_nrf52.c.o

.debug_ranges   0x0000000000000000     0x1a10
 .debug_ranges  0x0000000000000000      0x178 _build/nrf52832_xxaa/boards.c.o
 .debug_ranges  0x0000000000000178       0xa0 _build/nrf52832_xxaa/app_button.c.o
 .debug_ranges  0x0000000000000218       0x20 _build/nrf52832_xxaa/app_error.c.o
 .debug_ranges  0x0000000000000238      0x460 _build/nrf52832_xxaa/app_timer.c.o
 .debug_ranges  0x0000000000000698       0x50 _build/nrf52832_xxaa/app_util_platform.c.o
 .debug_ranges  0x00000000000006e8      0x2b8 _build/nrf52832_xxaa/nrf_drv_clock.c.o
 .debug_ranges  0x00000000000009a0       0x38 _build/nrf52832_xxaa/nrf_drv_common.c.o
 .debug_ranges  0x00000000000009d8      0xaa8 _build/nrf52832_xxaa/nrf_drv_gpiote.c.o
 .debug_ranges  0x0000000000001480       0xf0 _build/nrf52832_xxaa/nrf_drv_wdt.c.o
 .debug_ranges  0x0000000000001570      0x2d8 _build/nrf52832_xxaa/bsp.c.o
 .debug_ranges  0x0000000000001848       0x80 _build/nrf52832_xxaa/main.c.o
 .debug_ranges  0x00000000000018c8      0x148 _build/nrf52832_xxaa/system_nrf52.c.o

.debug_macro    0x0000000000000000     0x308d
 .debug_macro   0x0000000000000000      0x29d _build/nrf52832_xxaa/boards.c.o
 .debug_macro   0x000000000000029d       0x35 _build/nrf52832_xxaa/boards.c.o
 .debug_macro   0x00000000000002d2       0x22 _build/nrf52832_xxaa/boards.c.o
 .debug_macro   0x00000000000002f4      0x372 _build/nrf52832_xxaa/boards.c.o
 .debug_macro   0x0000000000000666       0x16 _build/nrf52832_xxaa/boards.c.o
 .debug_macro   0x000000000000067c       0x97 _build/nrf52832_xxaa/boards.c.o
 .debug_macro   0x0000000000000713       0xf6 _build/nrf52832_xxaa/boards.c.o
 .debug_macro   0x0000000000000809       0x10 _build/nrf52832_xxaa/boards.c.o
 .debug_macro   0x0000000000000819       0x10 _build/nrf52832_xxaa/boards.c.o
 .debug_macro   0x0000000000000829       0xb6 _build/nrf52832_xxaa/boards.c.o
 .debug_macro   0x00000000000008df       0x16 _build/nrf52832_xxaa/boards.c.o
 .debug_macro   0x00000000000008f5      0x145 _build/nrf52832_xxaa/boards.c.o
 .debug_macro   0x0000000000000a3a       0x2b _build/nrf52832_xxaa/boards.c.o
 .debug_macro   0x0000000000000a65       0x10 _build/nrf52832_xxaa/boards.c.o
 .debug_macro   0x0000000000000a75       0x16 _build/nrf52832_xxaa/boards.c.o
 .debug_macro   0x0000000000000a8b       0x22 _build/nrf52832_xxaa/boards.c.o
 .debug_macro   0x0000000000000aad       0x16 _build/nrf52832_xxaa/boards.c.o
 .debug_macro   0x0000000000000ac3      0x261 _build/nrf52832_xxaa/boards.c.o
 .debug_macro   0x0000000000000d24      0x115 _build/nrf52832_xxaa/boards.c.o
 .debug_macro   0x0000000000000e39      0x319 _build/nrf52832_xxaa/app_button.c.o
 .debug_macro   0x0000000000001152       0x1c _build/nrf52832_xxaa/app_button.c.o
 .debug_macro   0x000000000000116e       0x1c _build/nrf52832_xxaa/app_button.c.o
 .debug_macro   0x000000000000118a       0x28 _build/nrf52832_xxaa/app_button.c.o
 .debug_macro   0x00000000000011b2       0x1f _build/nrf52832_xxaa/app_button.c.o
 .debug_macro   0x00000000000011d1       0x30 _build/nrf52832_xxaa/app_button.c.o
 .debug_macro   0x0000000000001201      0x229 _build/nrf52832_xxaa/app_error.c.o
 .debug_macro   0x000000000000142a      0x31b _build/nrf52832_xxaa/app_timer.c.o
 .debug_macro   0x0000000000001745       0x16 _build/nrf52832_xxaa/app_timer.c.o
 .debug_macro   0x000000000000175b      0x245 _build/nrf52832_xxaa/app_util_platform.c.o
 .debug_macro   0x00000000000019a0      0x333 _build/nrf52832_xxaa/nrf_drv_clock.c.o
 .debug_macro   0x0000000000001cd3       0x10 _build/nrf52832_xxaa/nrf_drv_clock.c.o
 .debug_macro   0x0000000000001ce3       0x28 _build/nrf52832_xxaa/nrf_drv_clock.c.o
 .debug_macro   0x0000000000001d0b      0x14b _build/nrf52832_xxaa/nrf_drv_clock.c.o
 .debug_macro   0x0000000000001e56      0x2b9 _build/nrf52832_xxaa/nrf_drv_common.c.o
 .debug_macro   0x000000000000210f       0x22 _build/nrf52832_xxaa/nrf_drv_common.c.o
 .debug_macro   0x0000000000002131      0x397 _build/nrf52832_xxaa/nrf_drv_gpiote.c.o
 .debug_macro   0x00000000000024c8       0x16 _build/nrf52832_xxaa/nrf_drv_gpiote.c.o
 .debug_macro   0x00000000000024de      0x30c _build/nrf52832_xxaa/nrf_drv_wdt.c.o
 .debug_macro   0x00000000000027ea       0x1c _build/nrf52832_xxaa/nrf_drv_wdt.c.o
 .debug_macro   0x0000000000002806      0x2f5 _build/nrf52832_xxaa/bsp.c.o
 .debug_macro   0x0000000000002afb       0x16 _build/nrf52832_xxaa/bsp.c.o
 .debug_macro   0x0000000000002b11       0x1c _build/nrf52832_xxaa/bsp.c.o
 .debug_macro   0x0000000000002b2d      0x100 _build/nrf52832_xxaa/bsp.c.o
 .debug_macro   0x0000000000002c2d      0x36b _build/nrf52832_xxaa/main.c.o
 .debug_macro   0x0000000000002f98       0xf5 _build/nrf52832_xxaa/system_nrf52.c.o

.debug_line     0x0000000000000000     0x5aab
 .debug_line    0x0000000000000000      0x670 _build/nrf52832_xxaa/boards.c.o
 .debug_line    0x0000000000000670      0x6af _build/nrf52832_xxaa/app_button.c.o
 .debug_line    0x0000000000000d1f      0x472 _build/nrf52832_xxaa/app_error.c.o
 .debug_line    0x0000000000001191      0x9b3 _build/nrf52832_xxaa/app_timer.c.o
 .debug_line    0x0000000000001b44      0x4eb _build/nrf52832_xxaa/app_util_platform.c.o
 .debug_line    0x000000000000202f      0x8ce _build/nrf52832_xxaa/nrf_drv_clock.c.o
 .debug_line    0x00000000000028fd      0x571 _build/nrf52832_xxaa/nrf_drv_common.c.o
 .debug_line    0x0000000000002e6e     0x1004 _build/nrf52832_xxaa/nrf_drv_gpiote.c.o
 .debug_line    0x0000000000003e72      0x784 _build/nrf52832_xxaa/nrf_drv_wdt.c.o
 .debug_line    0x00000000000045f6      0x91e _build/nrf52832_xxaa/bsp.c.o
 .debug_line    0x0000000000004f14      0x741 _build/nrf52832_xxaa/main.c.o
 .debug_line    0x0000000000005655       0x8e _build/nrf52832_xxaa/gcc_startup_nrf52.S.o
 .debug_line    0x00000000000056e3      0x3c8 _build/nrf52832_xxaa/system_nrf52.c.o

.debug_str      0x0000000000000000    0x6d5fa
 .debug_str     0x0000000000000000    0x62647 _build/nrf52832_xxaa/boards.c.o
                                      0x632b7 (size before relaxing)
 .debug_str     0x0000000000062647     0x5136 _build/nrf52832_xxaa/app_button.c.o
                                      0x670be (size before relaxing)
 .debug_str     0x000000000006777d      0x128 _build/nrf52832_xxaa/app_error.c.o
                                      0x61501 (size before relaxing)
 .debug_str     0x00000000000678a5      0xd41 _build/nrf52832_xxaa/app_timer.c.o
                                      0x66baa (size before relaxing)
 .debug_str     0x00000000000685e6      0x1b3 _build/nrf52832_xxaa/app_util_platform.c.o
                                      0x61c13 (size before relaxing)
 .debug_str     0x0000000000068799     0x25d8 _build/nrf52832_xxaa/nrf_drv_clock.c.o
                                      0x685d3 (size before relaxing)
 .debug_str     0x000000000006ad71       0x5c _build/nrf52832_xxaa/nrf_drv_common.c.o
                                      0x66b3e (size before relaxing)
 .debug_str     0x000000000006adcd      0xee5 _build/nrf52832_xxaa/nrf_drv_gpiote.c.o
                                      0x6a00d (size before relaxing)
 .debug_str     0x000000000006bcb2      0x544 _build/nrf52832_xxaa/nrf_drv_wdt.c.o
                                      0x681fb (size before relaxing)
 .debug_str     0x000000000006c1f6     0x101a _build/nrf52832_xxaa/bsp.c.o
                                      0x68581 (size before relaxing)
 .debug_str     0x000000000006d210       0x43 _build/nrf52832_xxaa/main.c.o
                                      0x67f8e (size before relaxing)
 .debug_str     0x000000000006d253      0x3a7 _build/nrf52832_xxaa/system_nrf52.c.o
                                      0x5bbf8 (size before relaxing)

.debug_frame    0x0000000000000000      0xbd4
 .debug_frame   0x0000000000000000      0x104 _build/nrf52832_xxaa/boards.c.o
 .debug_frame   0x0000000000000104       0xe0 _build/nrf52832_xxaa/app_button.c.o
 .debug_frame   0x00000000000001e4       0x70 _build/nrf52832_xxaa/app_error.c.o
 .debug_frame   0x0000000000000254      0x12c _build/nrf52832_xxaa/app_timer.c.o
 .debug_frame   0x0000000000000380       0x70 _build/nrf52832_xxaa/app_util_platform.c.o
 .debug_frame   0x00000000000003f0      0x140 _build/nrf52832_xxaa/nrf_drv_clock.c.o
 .debug_frame   0x0000000000000530       0x3c _build/nrf52832_xxaa/nrf_drv_common.c.o
 .debug_frame   0x000000000000056c      0x268 _build/nrf52832_xxaa/nrf_drv_gpiote.c.o
 .debug_frame   0x00000000000007d4       0x98 _build/nrf52832_xxaa/nrf_drv_wdt.c.o
 .debug_frame   0x000000000000086c      0x1dc _build/nrf52832_xxaa/bsp.c.o
 .debug_frame   0x0000000000000a48       0x50 _build/nrf52832_xxaa/main.c.o
 .debug_frame   0x0000000000000a98       0x48 _build/nrf52832_xxaa/system_nrf52.c.o
 .debug_frame   0x0000000000000ae0       0x28 /usr/bin/../lib/gcc/arm-none-eabi/6.3.1/../../../../arm-none-eabi/lib/thumb/v7e-m/fpv4-sp/hard/libc_nano.a(lib_a-exit.o)
 .debug_frame   0x0000000000000b08       0x2c /usr/bin/../lib/gcc/arm-none-eabi/6.3.1/../../../../arm-none-eabi/lib/thumb/v7e-m/fpv4-sp/hard/libc_nano.a(lib_a-init.o)
 .debug_frame   0x0000000000000b34       0x20 /usr/bin/../lib/gcc/arm-none-eabi/6.3.1/../../../../arm-none-eabi/lib/thumb/v7e-m/fpv4-sp/hard/libc_nano.a(lib_a-memset.o)
 .debug_frame   0x0000000000000b54       0x20 /usr/bin/../lib/gcc/arm-none-eabi/6.3.1/../../../../arm-none-eabi/lib/thumb/v7e-m/fpv4-sp/hard/libnosys.a(_exit.o)
 .debug_frame   0x0000000000000b74       0x2c /usr/bin/../lib/gcc/arm-none-eabi/6.3.1/thumb/v7e-m/fpv4-sp/hard/libgcc.a(_aeabi_uldivmod.o)
 .debug_frame   0x0000000000000ba0       0x34 /usr/bin/../lib/gcc/arm-none-eabi/6.3.1/thumb/v7e-m/fpv4-sp/hard/libgcc.a(_udivmoddi4.o)
