Archive member included to satisfy reference by file (symbol)

/usr/bin/../lib/gcc/arm-none-eabi/6.3.1/../../../../arm-none-eabi/lib/thumb/v7e-m/fpv4-sp/hard/libc_nano.a(lib_a-exit.o)
                              /usr/bin/../lib/gcc/arm-none-eabi/6.3.1/../../../../arm-none-eabi/lib/thumb/v7e-m/fpv4-sp/hard/crt0.o (exit)
/usr/bin/../lib/gcc/arm-none-eabi/6.3.1/../../../../arm-none-eabi/lib/thumb/v7e-m/fpv4-sp/hard/libc_nano.a(lib_a-impure.o)
                              /usr/bin/../lib/gcc/arm-none-eabi/6.3.1/../../../../arm-none-eabi/lib/thumb/v7e-m/fpv4-sp/hard/libc_nano.a(lib_a-exit.o) (_global_impure_ptr)
/usr/bin/../lib/gcc/arm-none-eabi/6.3.1/../../../../arm-none-eabi/lib/thumb/v7e-m/fpv4-sp/hard/libc_nano.a(lib_a-init.o)
                              /usr/bin/../lib/gcc/arm-none-eabi/6.3.1/../../../../arm-none-eabi/lib/thumb/v7e-m/fpv4-sp/hard/crt0.o (__libc_init_array)
/usr/bin/../lib/gcc/arm-none-eabi/6.3.1/../../../../arm-none-eabi/lib/thumb/v7e-m/fpv4-sp/hard/libc_nano.a(lib_a-memcpy-stub.o)
                              _build/nrf52832_xxaa/SEGGER_RTT.c.o (memcpy)
/usr/bin/../lib/gcc/arm-none-eabi/6.3.1/../../../../arm-none-eabi/lib/thumb/v7e-m/fpv4-sp/hard/libc_nano.a(lib_a-memset.o)
                              /usr/bin/../lib/gcc/arm-none-eabi/6.3.1/../../../../arm-none-eabi/lib/thumb/v7e-m/fpv4-sp/hard/crt0.o (memset)
/usr/bin/../lib/gcc/arm-none-eabi/6.3.1/../../../../arm-none-eabi/lib/thumb/v7e-m/fpv4-sp/hard/libc_nano.a(lib_a-setjmp.o)
                              _build/nrf52832_xxaa/unity.c.o (setjmp)
/usr/bin/../lib/gcc/arm-none-eabi/6.3.1/../../../../arm-none-eabi/lib/thumb/v7e-m/fpv4-sp/hard/libc_nano.a(lib_a-strcpy.o)
                              _build/nrf52832_xxaa/SEGGER_RTT.c.o (strcpy)
/usr/bin/../lib/gcc/arm-none-eabi/6.3.1/../../../../arm-none-eabi/lib/thumb/v7e-m/fpv4-sp/hard/libc_nano.a(lib_a-strlen.o)
                              _build/nrf52832_xxaa/SEGGER_RTT.c.o (strlen)
/usr/bin/../lib/gcc/arm-none-eabi/6.3.1/../../../../arm-none-eabi/lib/thumb/v7e-m/fpv4-sp/hard/libc_nano.a(lib_a-wbuf.o)
                              _build/nrf52832_xxaa/unity.c.o (__swbuf_r)
/usr/bin/../lib/gcc/arm-none-eabi/6.3.1/../../../../arm-none-eabi/lib/thumb/v7e-m/fpv4-sp/hard/libc_nano.a(lib_a-wsetup.o)
                              /usr/bin/../lib/gcc/arm-none-eabi/6.3.1/../../../../arm-none-eabi/lib/thumb/v7e-m/fpv4-sp/hard/libc_nano.a(lib_a-wbuf.o) (__swsetup_r)
/usr/bin/../lib/gcc/arm-none-eabi/6.3.1/../../../../arm-none-eabi/lib/thumb/v7e-m/fpv4-sp/hard/libc_nano.a(lib_a-fflush.o)
                              /usr/bin/../lib/gcc/arm-none-eabi/6.3.1/../../../../arm-none-eabi/lib/thumb/v7e-m/fpv4-sp/hard/libc_nano.a(lib_a-wbuf.o) (_fflush_r)
/usr/bin/../lib/gcc/arm-none-eabi/6.3.1/../../../../arm-none-eabi/lib/thumb/v7e-m/fpv4-sp/hard/libc_nano.a(lib_a-findfp.o)
                              /usr/bin/../lib/gcc/arm-none-eabi/6.3.1/../../../../arm-none-eabi/lib/thumb/v7e-m/fpv4-sp/hard/libc_nano.a(lib_a-wbuf.o) (__sinit)
/usr/bin/../lib/gcc/arm-none-eabi/6.3.1/../../../../arm-none-eabi/lib/thumb/v7e-m/fpv4-sp/hard/libc_nano.a(lib_a-fwalk.o)
                              /usr/bin/../lib/gcc/arm-none-eabi/6.3.1/../../../../arm-none-eabi/lib/thumb/v7e-m/fpv4-sp/hard/libc_nano.a(lib_a-findfp.o) (_fwalk)
/usr/bin/../lib/gcc/arm-none-eabi/6.3.1/../../../../arm-none-eabi/lib/thumb/v7e-m/fpv4-sp/hard/libc_nano.a(lib_a-makebuf.o)
                              /usr/bin/../lib/gcc/arm-none-eabi/6.3.1/../../../../arm-none-eabi/lib/thumb/v7e-m/fpv4-sp/hard/libc_nano.a(lib_a-wsetup.o) (__smakebuf_r)
/usr/bin/../lib/gcc/arm-none-eabi/6.3.1/../../../../arm-none-eabi/lib/thumb/v7e-m/fpv4-sp/hard/libc_nano.a(lib_a-nano-freer.o)
                              /usr/bin/../lib/gcc/arm-none-eabi/6.3.1/../../../../arm-none-eabi/lib/thumb/v7e-m/fpv4-sp/hard/libc_nano.a(lib_a-wsetup.o) (_free_r)
/usr/bin/../lib/gcc/arm-none-eabi/6.3.1/../../../../arm-none-eabi/lib/thumb/v7e-m/fpv4-sp/hard/libc_nano.a(lib_a-nano-mallocr.o)
                              /usr/bin/../lib/gcc/arm-none-eabi/6.3.1/../../../../arm-none-eabi/lib/thumb/v7e-m/fpv4-sp/hard/libc_nano.a(lib_a-findfp.o) (_malloc_r)
/usr/bin/../lib/gcc/arm-none-eabi/6.3.1/../../../../arm-none-eabi/lib/thumb/v7e-m/fpv4-sp/hard/libc_nano.a(lib_a-sbrkr.o)
                              /usr/bin/../lib/gcc/arm-none-eabi/6.3.1/../../../../arm-none-eabi/lib/thumb/v7e-m/fpv4-sp/hard/libc_nano.a(lib_a-nano-mallocr.o) (_sbrk_r)
/usr/bin/../lib/gcc/arm-none-eabi/6.3.1/../../../../arm-none-eabi/lib/thumb/v7e-m/fpv4-sp/hard/libc_nano.a(lib_a-stdio.o)
                              /usr/bin/../lib/gcc/arm-none-eabi/6.3.1/../../../../arm-none-eabi/lib/thumb/v7e-m/fpv4-sp/hard/libc_nano.a(lib_a-findfp.o) (__sread)
/usr/bin/../lib/gcc/arm-none-eabi/6.3.1/../../../../arm-none-eabi/lib/thumb/v7e-m/fpv4-sp/hard/libc_nano.a(lib_a-writer.o)
[...]
Memory Configuration

Name             Origin             Length             Attributes
FLASH            0x0000000000000000 0x0000000000080000 xr
RAM              0x0000000020000000 0x0000000000010000 xrw
*default*        0x0000000000000000 0xffffffffffffffff

Linker script and memory map


.text           0x0000000000000000     0x2ba8
 *(.isr_vector)
 .isr_vector    0x0000000000000000      0x200 _build/nrf52832_xxaa/gcc_startup_nrf52.S.o
                0x0000000000000000                __isr_vector
 *(.text*)
 .text          0x0000000000000200       0x6c /usr/bin/../lib/gcc/arm-none-eabi/6.3.1/thumb/v7e-m/fpv4-sp/hard/crtbegin.o
 .text          0x000000000000026c       0x74 /usr/bin/../lib/gcc/arm-none-eabi/6.3.1/../../../../arm-none-eabi/lib/thumb/v7e-m/fpv4-sp/hard/crt0.o
                0x000000000000026c                _mainCRTStartup
                0x000000000000026c                _start
 .text.bsp_board_led_invert
                0x00000000000002e0       0x24 _build/nrf52832_xxaa/boards.c.o
                0x00000000000002e0                bsp_board_led_invert
 .text.bsp_board_leds_init
                0x0000000000000304       0x3c _build/nrf52832_xxaa/boards.c.o
                0x0000000000000304                bsp_board_leds_init
 .text.app_error_handler_bare
                0x0000000000000340       0x20 _build/nrf52832_xxaa/app_error.c.o
                0x0000000000000340                app_error_handler_bare
 .text.app_error_fault_handler
                0x0000000000000360       0x30 _build/nrf52832_xxaa/app_error_weak.c.o
                0x0000000000000360                app_error_fault_handler
 .text.app_fifo_init
                0x0000000000000390       0x20 _build/nrf52832_xxaa/app_fifo.c.o
                0x0000000000000390                app_fifo_init
 .text.app_fifo_put
                0x00000000000003b0       0x30 _build/nrf52832_xxaa/app_fifo.c.o
                0x00000000000003b0                app_fifo_put
 .text.app_fifo_get
                0x00000000000003e0       0x2c _build/nrf52832_xxaa/app_fifo.c.o
                0x00000000000003e0                app_fifo_get
 .text.uart_event_handler
                0x000000000000040c       0xc8 _build/nrf52832_xxaa/app_uart_fifo.c.o
 .text.app_uart_init
                0x00000000000004d4       0xe4 _build/nrf52832_xxaa/app_uart_fifo.c.o
                0x00000000000004d4                app_uart_init
 .text.app_uart_get
                0x00000000000005b8       0x40 _build/nrf52832_xxaa/app_uart_fifo.c.o
                0x00000000000005b8                app_uart_get
 .text.app_uart_put
                0x00000000000005f8       0x44 _build/nrf52832_xxaa/app_uart_fifo.c.o
                0x00000000000005f8                app_uart_put
 .text._write   0x000000000000063c       0x1c _build/nrf52832_xxaa/retarget.c.o
                0x000000000000063c                _write
 .text._read    0x0000000000000658       0x14 _build/nrf52832_xxaa/retarget.c.o
                0x0000000000000658                _read
 .text.nrf_drv_common_irq_enable
                0x000000000000066c       0x50 _build/nrf52832_xxaa/nrf_drv_common.c.o
                0x000000000000066c                nrf_drv_common_irq_enable
 .text.nrf_drv_uart_init
                0x00000000000006bc      0x1d8 _build/nrf52832_xxaa/nrf_drv_uart.c.o
                0x00000000000006bc                nrf_drv_uart_init
 .text.nrf_drv_uart_tx
                0x0000000000000894      0x154 _build/nrf52832_xxaa/nrf_drv_uart.c.o
                0x0000000000000894                nrf_drv_uart_tx
 .text.nrf_drv_uart_tx_in_progress
                0x00000000000009e8       0x18 _build/nrf52832_xxaa/nrf_drv_uart.c.o
                0x00000000000009e8                nrf_drv_uart_tx_in_progress
 .text.nrf_drv_uart_rx
                0x0000000000000a00      0x234 _build/nrf52832_xxaa/nrf_drv_uart.c.o
                0x0000000000000a00                nrf_drv_uart_rx
 .text.nrf_drv_uart_rx_enable
                0x0000000000000c34       0x4c _build/nrf52832_xxaa/nrf_drv_uart.c.o
                0x0000000000000c34                nrf_drv_uart_rx_enable
 .text.UARTE0_UART0_IRQHandler
                0x0000000000000c80      0x2f4 _build/nrf52832_xxaa/nrf_drv_uart.c.o
                0x0000000000000c80                UARTE0_UART0_IRQHandler
 .text.uart_error_handle
                0x0000000000000f74       0x14 _build/nrf52832_xxaa/main.c.o
                0x0000000000000f74                uart_error_handle
 .text.startup.main
                0x0000000000000f88      0x168 _build/nrf52832_xxaa/main.c.o
                0x0000000000000f88                main
 .text          0x00000000000010f0       0x3c _build/nrf52832_xxaa/gcc_startup_nrf52.S.o
                0x00000000000010f0                Reset_Handler
                0x0000000000001118                NMI_Handler
                0x000000000000111a                HardFault_Handler
                0x000000000000111c                MemoryManagement_Handler
                0x000000000000111e                BusFault_Handler
                0x0000000000001120                UsageFault_Handler
                0x0000000000001122                SVC_Handler
                0x0000000000001124                DebugMon_Handler
                0x0000000000001126                PendSV_Handler
                0x0000000000001128                SysTick_Handler
                0x000000000000112a                TIMER2_IRQHandler
                0x000000000000112a                RTC0_IRQHandler
                0x000000000000112a                SWI0_EGU0_IRQHandler
                0x000000000000112a                SWI2_EGU2_IRQHandler
                0x000000000000112a                GPIOTE_IRQHandler
                0x000000000000112a                PWM1_IRQHandler
                0x000000000000112a                POWER_CLOCK_IRQHandler
                0x000000000000112a                RADIO_IRQHandler
                0x000000000000112a                PDM_IRQHandler
                0x000000000000112a                TEMP_IRQHandler
                0x000000000000112a                QDEC_IRQHandler
                0x000000000000112a                TIMER3_IRQHandler
                0x000000000000112a                FPU_IRQHandler
                0x000000000000112a                SPIM0_SPIS0_TWIM0_TWIS0_SPI0_TWI0_IRQHandler
                0x000000000000112a                TIMER4_IRQHandler
                0x000000000000112a                I2S_IRQHandler
                0x000000000000112a                SWI4_EGU4_IRQHandler
                0x000000000000112a                TIMER0_IRQHandler
                0x000000000000112a                TIMER1_IRQHandler
                0x000000000000112a                PWM2_IRQHandler
                0x000000000000112a                ECB_IRQHandler
                0x000000000000112a                SPIM1_SPIS1_TWIM1_TWIS1_SPI1_TWI1_IRQHandler
                0x000000000000112a                Default_Handler
                0x000000000000112a                SAADC_IRQHandler
                0x000000000000112a                CCM_AAR_IRQHandler
                0x000000000000112a                WDT_IRQHandler
                0x000000000000112a                SWI5_EGU5_IRQHandler
                0x000000000000112a                RNG_IRQHandler
                0x000000000000112a                RTC2_IRQHandler
                0x000000000000112a                PWM0_IRQHandler
                0x000000000000112a                SWI3_EGU3_IRQHandler
                0x000000000000112a                RTC1_IRQHandler
                0x000000000000112a                SWI1_EGU1_IRQHandler
                0x000000000000112a                SPIM2_SPIS2_SPI2_IRQHandler
                0x000000000000112a                NFCT_IRQHandler
                0x000000000000112a                MWU_IRQHandler
                0x000000000000112a                COMP_LPCOMP_IRQHandler
 .text.SystemInit
                0x000000000000112c      0x390 _build/nrf52832_xxaa/system_nrf52.c.o
                0x000000000000112c                SystemInit
 .text.UnityPrint
                0x00000000000014bc      0x1a4 _build/nrf52832_xxaa/unity.c.o
                0x00000000000014bc                UnityPrint
 .text.UnityTestResultsBegin
                0x0000000000001660      0x134 _build/nrf52832_xxaa/unity.c.o
 .text.UnityTestResultsFailBegin
                0x0000000000001794       0x4c _build/nrf52832_xxaa/unity.c.o
 .text.UnityAddMsgIfSpecified
                0x00000000000017e0       0x50 _build/nrf52832_xxaa/unity.c.o
 .text.UnityPrintNumberByStyle
                0x0000000000001830      0x1e8 _build/nrf52832_xxaa/unity.c.o
                0x0000000000001830                UnityPrintNumberByStyle
 .text.UnityAssertEqualNumber
                0x0000000000001a18       0x64 _build/nrf52832_xxaa/unity.c.o
                0x0000000000001a18                UnityAssertEqualNumber
 .text.UnityDefaultTestRun
                0x0000000000001a7c       0xb0 _build/nrf52832_xxaa/unity.c.o
                0x0000000000001a7c                UnityDefaultTestRun
 .text.UnityBegin
                0x0000000000001b2c       0x20 _build/nrf52832_xxaa/unity.c.o
                0x0000000000001b2c                UnityBegin
 .text.UnityEnd
                0x0000000000001b4c      0x2c4 _build/nrf52832_xxaa/unity.c.o
                0x0000000000001b4c                UnityEnd
 .text.FindFunction_WhichIsBroken
                0x0000000000001e10       0x14 _build/nrf52832_xxaa/ProductionCode.c.o
                0x0000000000001e10                FindFunction_WhichIsBroken
 .text.FunctionWhichReturnsLocalVariable
                0x0000000000001e24        0xc _build/nrf52832_xxaa/ProductionCode.c.o
                0x0000000000001e24                FunctionWhichReturnsLocalVariable
 .text.setUp    0x0000000000001e30       0x10 _build/nrf52832_xxaa/TestProductionCode.c.o
                0x0000000000001e30                setUp
 .text.tearDown
                0x0000000000001e40        0x4 _build/nrf52832_xxaa/TestProductionCode.c.o
                0x0000000000001e40                tearDown
 .text.test_FindFunction_WhichIsBroken_ShouldReturnZeroIfItemIsNotInList_WhichWorksEvenInOurBrokenCode
                0x0000000000001e44       0x74 _build/nrf52832_xxaa/TestProductionCode.c.o
                0x0000000000001e44                test_FindFunction_WhichIsBroken_ShouldReturnZeroIfItemIsNotInList_WhichWorksEvenInOurBrokenCode
 .text.test_FindFunction_WhichIsBroken_ShouldReturnTheIndexForItemsInList_WhichWillFailBecauseOurFunctionUnderTestIsBroken
                0x0000000000001eb8       0x34 _build/nrf52832_xxaa/TestProductionCode.c.o
                0x0000000000001eb8                test_FindFunction_WhichIsBroken_ShouldReturnTheIndexForItemsInList_WhichWillFailBecauseOurFunctionUnderTestIsBroken
 .text.test_FunctionWhichReturnsLocalVariable_ShouldReturnTheCurrentCounterValue
                0x0000000000001eec       0x3c _build/nrf52832_xxaa/TestProductionCode.c.o
                0x0000000000001eec                test_FunctionWhichReturnsLocalVariable_ShouldReturnTheCurrentCounterValue
 .text.test_FunctionWhichReturnsLocalVariable_ShouldReturnTheCurrentCounterValueAgain
                0x0000000000001f28       0x20 _build/nrf52832_xxaa/TestProductionCode.c.o
                0x0000000000001f28                test_FunctionWhichReturnsLocalVariable_ShouldReturnTheCurrentCounterValueAgain
 .text.test_FunctionWhichReturnsLocalVariable_ShouldReturnCurrentCounter_ButFailsBecauseThisTestIsActuallyFlawed
                0x0000000000001f48       0x20 _build/nrf52832_xxaa/TestProductionCode.c.o
                0x0000000000001f48                test_FunctionWhichReturnsLocalVariable_ShouldReturnCurrentCounter_ButFailsBecauseThisTestIsActuallyFlawed
 .text.exit     0x0000000000001f68       0x28 /usr/bin/../lib/gcc/arm-none-eabi/6.3.1/../../../../arm-none-eabi/lib/thumb/v7e-m/fpv4-sp/hard/libc_nano.a(lib_a-exit.o)
                0x0000000000001f68                exit
 .text.__libc_init_array
                0x0000000000001f90       0x48 /usr/bin/../lib/gcc/arm-none-eabi/6.3.1/../../../../arm-none-eabi/lib/thumb/v7e-m/fpv4-sp/hard/libc_nano.a(lib_a-init.o)
                0x0000000000001f90                __libc_init_array
 .text.memset   0x0000000000001fd8       0x10 /usr/bin/../lib/gcc/arm-none-eabi/6.3.1/../../../../arm-none-eabi/lib/thumb/v7e-m/fpv4-sp/hard/libc_nano.a(lib_a-memset.o)
                0x0000000000001fd8                memset
 .text          0x0000000000001fe8       0x1c /usr/bin/../lib/gcc/arm-none-eabi/6.3.1/../../../../arm-none-eabi/lib/thumb/v7e-m/fpv4-sp/hard/libc_nano.a(lib_a-setjmp.o)
                0x0000000000001fe8                setjmp
                0x0000000000001ff4                longjmp
 .text.__swbuf_r
                0x0000000000002004       0xa4 /usr/bin/../lib/gcc/arm-none-eabi/6.3.1/../../../../arm-none-eabi/lib/thumb/v7e-m/fpv4-sp/hard/libc_nano.a(lib_a-wbuf.o)
                0x0000000000002004                __swbuf_r
 .text.__swsetup_r
                0x00000000000020a8       0xdc /usr/bin/../lib/gcc/arm-none-eabi/6.3.1/../../../../arm-none-eabi/lib/thumb/v7e-m/fpv4-sp/hard/libc_nano.a(lib_a-wsetup.o)
                0x00000000000020a8                __swsetup_r
 .text.__sflush_r
                0x0000000000002184      0x110 /usr/bin/../lib/gcc/arm-none-eabi/6.3.1/../../../../arm-none-eabi/lib/thumb/v7e-m/fpv4-sp/hard/libc_nano.a(lib_a-fflush.o)
                0x0000000000002184                __sflush_r
 .text._fflush_r
                0x0000000000002294       0x54 /usr/bin/../lib/gcc/arm-none-eabi/6.3.1/../../../../arm-none-eabi/lib/thumb/v7e-m/fpv4-sp/hard/libc_nano.a(lib_a-fflush.o)
                0x0000000000002294                _fflush_r
 .text._cleanup_r
                0x00000000000022e8        0xc /usr/bin/../lib/gcc/arm-none-eabi/6.3.1/../../../../arm-none-eabi/lib/thumb/v7e-m/fpv4-sp/hard/libc_nano.a(lib_a-findfp.o)
                0x00000000000022e8                _cleanup_r
 .text.std.isra.0
                0x00000000000022f4       0x48 /usr/bin/../lib/gcc/arm-none-eabi/6.3.1/../../../../arm-none-eabi/lib/thumb/v7e-m/fpv4-sp/hard/libc_nano.a(lib_a-findfp.o)
 .text.__sfmoreglue
                0x000000000000233c       0x2c /usr/bin/../lib/gcc/arm-none-eabi/6.3.1/../../../../arm-none-eabi/lib/thumb/v7e-m/fpv4-sp/hard/libc_nano.a(lib_a-findfp.o)
                0x000000000000233c                __sfmoreglue
 .text.__sinit  0x0000000000002368       0x60 /usr/bin/../lib/gcc/arm-none-eabi/6.3.1/../../../../arm-none-eabi/lib/thumb/v7e-m/fpv4-sp/hard/libc_nano.a(lib_a-findfp.o)
                0x0000000000002368                __sinit
 .text.__sfp    0x00000000000023c8       0x78 /usr/bin/../lib/gcc/arm-none-eabi/6.3.1/../../../../arm-none-eabi/lib/thumb/v7e-m/fpv4-sp/hard/libc_nano.a(lib_a-findfp.o)
                0x00000000000023c8                __sfp
 .text._fwalk_reent
                0x0000000000002440       0x3c /usr/bin/../lib/gcc/arm-none-eabi/6.3.1/../../../../arm-none-eabi/lib/thumb/v7e-m/fpv4-sp/hard/libc_nano.a(lib_a-fwalk.o)
                0x0000000000002440                _fwalk_reent
 .text.__swhatbuf_r
                0x000000000000247c       0x48 /usr/bin/../lib/gcc/arm-none-eabi/6.3.1/../../../../arm-none-eabi/lib/thumb/v7e-m/fpv4-sp/hard/libc_nano.a(lib_a-makebuf.o)
                0x000000000000247c                __swhatbuf_r
 .text.__smakebuf_r
                0x00000000000024c4       0x80 /usr/bin/../lib/gcc/arm-none-eabi/6.3.1/../../../../arm-none-eabi/lib/thumb/v7e-m/fpv4-sp/hard/libc_nano.a(lib_a-makebuf.o)
                0x00000000000024c4                __smakebuf_r
 .text._free_r  0x0000000000002544       0x9c /usr/bin/../lib/gcc/arm-none-eabi/6.3.1/../../../../arm-none-eabi/lib/thumb/v7e-m/fpv4-sp/hard/libc_nano.a(lib_a-nano-freer.o)
                0x0000000000002544                _free_r
 .text._malloc_r
                0x00000000000025e0       0xbc /usr/bin/../lib/gcc/arm-none-eabi/6.3.1/../../../../arm-none-eabi/lib/thumb/v7e-m/fpv4-sp/hard/libc_nano.a(lib_a-nano-mallocr.o)
                0x00000000000025e0                _malloc_r
 .text._sbrk_r  0x000000000000269c       0x20 /usr/bin/../lib/gcc/arm-none-eabi/6.3.1/../../../../arm-none-eabi/lib/thumb/v7e-m/fpv4-sp/hard/libc_nano.a(lib_a-sbrkr.o)
                0x000000000000269c                _sbrk_r
 .text.__sread  0x00000000000026bc       0x22 /usr/bin/../lib/gcc/arm-none-eabi/6.3.1/../../../../arm-none-eabi/lib/thumb/v7e-m/fpv4-sp/hard/libc_nano.a(lib_a-stdio.o)
                0x00000000000026bc                __sread
 .text.__swrite
                0x00000000000026de       0x38 /usr/bin/../lib/gcc/arm-none-eabi/6.3.1/../../../../arm-none-eabi/lib/thumb/v7e-m/fpv4-sp/hard/libc_nano.a(lib_a-stdio.o)
                0x00000000000026de                __swrite
 .text.__sseek  0x0000000000002716       0x24 /usr/bin/../lib/gcc/arm-none-eabi/6.3.1/../../../../arm-none-eabi/lib/thumb/v7e-m/fpv4-sp/hard/libc_nano.a(lib_a-stdio.o)
                0x0000000000002716                __sseek
 .text.__sclose
                0x000000000000273a        0x8 /usr/bin/../lib/gcc/arm-none-eabi/6.3.1/../../../../arm-none-eabi/lib/thumb/v7e-m/fpv4-sp/hard/libc_nano.a(lib_a-stdio.o)
                0x000000000000273a                __sclose
 *fill*         0x0000000000002742        0x2 
 .text._write_r
                0x0000000000002744       0x24 /usr/bin/../lib/gcc/arm-none-eabi/6.3.1/../../../../arm-none-eabi/lib/thumb/v7e-m/fpv4-sp/hard/libc_nano.a(lib_a-writer.o)
                0x0000000000002744                _write_r
 .text._close_r
                0x0000000000002768       0x20 /usr/bin/../lib/gcc/arm-none-eabi/6.3.1/../../../../arm-none-eabi/lib/thumb/v7e-m/fpv4-sp/hard/libc_nano.a(lib_a-closer.o)
                0x0000000000002768                _close_r
 .text._fstat_r
                0x0000000000002788       0x24 /usr/bin/../lib/gcc/arm-none-eabi/6.3.1/../../../../arm-none-eabi/lib/thumb/v7e-m/fpv4-sp/hard/libc_nano.a(lib_a-fstatr.o)
                0x0000000000002788                _fstat_r
 .text._isatty_r
                0x00000000000027ac       0x20 /usr/bin/../lib/gcc/arm-none-eabi/6.3.1/../../../../arm-none-eabi/lib/thumb/v7e-m/fpv4-sp/hard/libc_nano.a(lib_a-isattyr.o)
                0x00000000000027ac                _isatty_r
 .text._lseek_r
                0x00000000000027cc       0x24 /usr/bin/../lib/gcc/arm-none-eabi/6.3.1/../../../../arm-none-eabi/lib/thumb/v7e-m/fpv4-sp/hard/libc_nano.a(lib_a-lseekr.o)
                0x00000000000027cc                _lseek_r
 .text.__malloc_lock
                0x00000000000027f0        0x2 /usr/bin/../lib/gcc/arm-none-eabi/6.3.1/../../../../arm-none-eabi/lib/thumb/v7e-m/fpv4-sp/hard/libc_nano.a(lib_a-mlock.o)
                0x00000000000027f0                __malloc_lock
 .text.__malloc_unlock
                0x00000000000027f2        0x2 /usr/bin/../lib/gcc/arm-none-eabi/6.3.1/../../../../arm-none-eabi/lib/thumb/v7e-m/fpv4-sp/hard/libc_nano.a(lib_a-mlock.o)
                0x00000000000027f2                __malloc_unlock
 .text._read_r  0x00000000000027f4       0x24 /usr/bin/../lib/gcc/arm-none-eabi/6.3.1/../../../../arm-none-eabi/lib/thumb/v7e-m/fpv4-sp/hard/libc_nano.a(lib_a-readr.o)
                0x00000000000027f4                _read_r
 .text._close   0x0000000000002818       0x10 /usr/bin/../lib/gcc/arm-none-eabi/6.3.1/../../../../arm-none-eabi/lib/thumb/v7e-m/fpv4-sp/hard/libnosys.a(close.o)
                0x0000000000002818                _close
 .text._fstat   0x0000000000002828       0x10 /usr/bin/../lib/gcc/arm-none-eabi/6.3.1/../../../../arm-none-eabi/lib/thumb/v7e-m/fpv4-sp/hard/libnosys.a(fstat.o)
                0x0000000000002828                _fstat
 .text._isatty  0x0000000000002838       0x10 /usr/bin/../lib/gcc/arm-none-eabi/6.3.1/../../../../arm-none-eabi/lib/thumb/v7e-m/fpv4-sp/hard/libnosys.a(isatty.o)
                0x0000000000002838                _isatty
 .text._lseek   0x0000000000002848       0x10 /usr/bin/../lib/gcc/arm-none-eabi/6.3.1/../../../../arm-none-eabi/lib/thumb/v7e-m/fpv4-sp/hard/libnosys.a(lseek.o)
                0x0000000000002848                _lseek
 .text._sbrk    0x0000000000002858       0x1c /usr/bin/../lib/gcc/arm-none-eabi/6.3.1/../../../../arm-none-eabi/lib/thumb/v7e-m/fpv4-sp/hard/libnosys.a(sbrk.o)
                0x0000000000002858                _sbrk
 .text._exit    0x0000000000002874        0x4 /usr/bin/../lib/gcc/arm-none-eabi/6.3.1/../../../../arm-none-eabi/lib/thumb/v7e-m/fpv4-sp/hard/libnosys.a(_exit.o)
                0x0000000000002874                _exit
 *(.init)
 .init          0x0000000000002878        0x4 /usr/bin/../lib/gcc/arm-none-eabi/6.3.1/thumb/v7e-m/fpv4-sp/hard/crti.o
                0x0000000000002878                _init
 .init          0x000000000000287c        0x8 /usr/bin/../lib/gcc/arm-none-eabi/6.3.1/thumb/v7e-m/fpv4-sp/hard/crtn.o
 *(.fini)
 .fini          0x0000000000002884        0x4 /usr/bin/../lib/gcc/arm-none-eabi/6.3.1/thumb/v7e-m/fpv4-sp/hard/crti.o
                0x0000000000002884                _fini
 .fini          0x0000000000002888        0x8 /usr/bin/../lib/gcc/arm-none-eabi/6.3.1/thumb/v7e-m/fpv4-sp/hard/crtn.o
 *crtbegin.o(.ctors)
 *crtbegin?.o(.ctors)
 *(EXCLUDE_FILE(*crtend.o *crtend?.o) .ctors)
 *(SORT(.ctors.*))
 *(.ctors)
 *crtbegin.o(.dtors)
 *crtbegin?.o(.dtors)
 *(EXCLUDE_FILE(*crtend.o *crtend?.o) .dtors)
 *(SORT(.dtors.*))
 *(.dtors)
 *(.rodata*)
 .rodata.m_board_led_list
                0x0000000000002890        0x4 _build/nrf52832_xxaa/boards.c.o
 .rodata        0x0000000000002894       0x20 _build/nrf52832_xxaa/app_uart_fifo.c.o
 .rodata        0x00000000000028b4       0x18 _build/nrf52832_xxaa/main.c.o
 .rodata.main.str1.4
                0x00000000000028cc      0x1f8 _build/nrf52832_xxaa/main.c.o
                                        0x1f6 (size before relaxing)
 .rodata.UnityStrBreaker
                0x0000000000002ac4       0x18 _build/nrf52832_xxaa/unity.c.o
 .rodata.UnityStrDetail1Name
                0x0000000000002adc        0xa _build/nrf52832_xxaa/unity.c.o
 *fill*         0x0000000000002ae6        0x2 
 .rodata.UnityStrDetail2Name
                0x0000000000002ae8        0xb _build/nrf52832_xxaa/unity.c.o
 *fill*         0x0000000000002af3        0x1 
 .rodata.UnityStrExpected
                0x0000000000002af4        0xb _build/nrf52832_xxaa/unity.c.o
 *fill*         0x0000000000002aff        0x1 
 .rodata.UnityStrFail
                0x0000000000002b00        0x5 _build/nrf52832_xxaa/unity.c.o
 *fill*         0x0000000000002b05        0x3 
 .rodata.UnityStrOk
                0x0000000000002b08        0x3 _build/nrf52832_xxaa/unity.c.o
 *fill*         0x0000000000002b0b        0x1 
 .rodata.UnityStrPass
                0x0000000000002b0c        0x5 _build/nrf52832_xxaa/unity.c.o
 *fill*         0x0000000000002b11        0x3 
 .rodata.UnityStrResultsFailures
                0x0000000000002b14        0xb _build/nrf52832_xxaa/unity.c.o
 *fill*         0x0000000000002b1f        0x1 
 .rodata.UnityStrResultsIgnored
                0x0000000000002b20        0xa _build/nrf52832_xxaa/unity.c.o
 *fill*         0x0000000000002b2a        0x2 
 .rodata.UnityStrResultsTests
                0x0000000000002b2c        0x8 _build/nrf52832_xxaa/unity.c.o
 .rodata.UnityStrSpacer
                0x0000000000002b34        0x3 _build/nrf52832_xxaa/unity.c.o
 *fill*         0x0000000000002b37        0x1 
 .rodata.UnityStrWas
                0x0000000000002b38        0x6 _build/nrf52832_xxaa/unity.c.o
 *fill*         0x0000000000002b3e        0x2 
 .rodata._global_impure_ptr
                0x0000000000002b40        0x4 /usr/bin/../lib/gcc/arm-none-eabi/6.3.1/../../../../arm-none-eabi/lib/thumb/v7e-m/fpv4-sp/hard/libc_nano.a(lib_a-impure.o)
                0x0000000000002b40                _global_impure_ptr
 .rodata.__sf_fake_stderr
                0x0000000000002b44       0x20 /usr/bin/../lib/gcc/arm-none-eabi/6.3.1/../../../../arm-none-eabi/lib/thumb/v7e-m/fpv4-sp/hard/libc_nano.a(lib_a-findfp.o)
                0x0000000000002b44                __sf_fake_stderr
 .rodata.__sf_fake_stdin
                0x0000000000002b64       0x20 /usr/bin/../lib/gcc/arm-none-eabi/6.3.1/../../../../arm-none-eabi/lib/thumb/v7e-m/fpv4-sp/hard/libc_nano.a(lib_a-findfp.o)
                0x0000000000002b64                __sf_fake_stdin
 .rodata.__sf_fake_stdout
                0x0000000000002b84       0x20 /usr/bin/../lib/gcc/arm-none-eabi/6.3.1/../../../../arm-none-eabi/lib/thumb/v7e-m/fpv4-sp/hard/libc_nano.a(lib_a-findfp.o)
                0x0000000000002b84                __sf_fake_stdout
 *(.eh_frame*)
 .eh_frame      0x0000000000002ba4        0x0 /usr/bin/../lib/gcc/arm-none-eabi/6.3.1/thumb/v7e-m/fpv4-sp/hard/crtbegin.o
 .eh_frame      0x0000000000002ba4        0x4 /usr/bin/../lib/gcc/arm-none-eabi/6.3.1/thumb/v7e-m/fpv4-sp/hard/crtend.o

.glue_7         0x0000000000002ba8        0x0
 .glue_7        0x0000000000002ba8        0x0 linker stubs

.glue_7t        0x0000000000002ba8        0x0
 .glue_7t       0x0000000000002ba8        0x0 linker stubs

.vfp11_veneer   0x0000000000002ba8        0x0
 .vfp11_veneer  0x0000000000002ba8        0x0 linker stubs

.v4_bx          0x0000000000002ba8        0x0
 .v4_bx         0x0000000000002ba8        0x0 linker stubs

.iplt           0x0000000000002ba8        0x0
 .iplt          0x0000000000002ba8        0x0 /usr/bin/../lib/gcc/arm-none-eabi/6.3.1/thumb/v7e-m/fpv4-sp/hard/crtbegin.o

.pwr_mgmt_data  0x0000000000002ba8        0x0
                [!provide]                        PROVIDE (__start_pwr_mgmt_data, .)
 *(SORT(.pwr_mgmt_data*))
                [!provide]                        PROVIDE (__stop_pwr_mgmt_data, .)

.ARM.extab
 *(.ARM.extab* .gnu.linkonce.armextab.*)
                0x0000000000002ba8                __exidx_start = .

.ARM.exidx      0x0000000000002ba8        0x8
 *(.ARM.exidx* .gnu.linkonce.armexidx.*)
 .ARM.exidx     0x0000000000002ba8        0x8 /usr/bin/../lib/gcc/arm-none-eabi/6.3.1/../../../../arm-none-eabi/lib/thumb/v7e-m/fpv4-sp/hard/crt0.o
                0x0000000000002bb0                __exidx_end = .
                0x0000000000002bb0                __etext = .

.rel.dyn        0x0000000000002bb0        0x0
 .rel.iplt      0x0000000000002bb0        0x0 /usr/bin/../lib/gcc/arm-none-eabi/6.3.1/thumb/v7e-m/fpv4-sp/hard/crtbegin.o

.data           0x0000000020000000       0xa0 load address 0x0000000000002bb0
                0x0000000020000000                __data_start__ = .
 *(vtable)
 *(.data*)
 .data.app_uart_inst
                0x0000000020000000        0x8 _build/nrf52832_xxaa/app_uart_fifo.c.o
 .data.SystemCoreClock
                0x0000000020000008        0x4 _build/nrf52832_xxaa/system_nrf52.c.o
                0x0000000020000008                SystemCoreClock
 .data.NumbersToFind
                0x000000002000000c       0x24 _build/nrf52832_xxaa/ProductionCode.c.o
                0x000000002000000c                NumbersToFind
 .data._impure_ptr
                0x0000000020000030        0x4 /usr/bin/../lib/gcc/arm-none-eabi/6.3.1/../../../../arm-none-eabi/lib/thumb/v7e-m/fpv4-sp/hard/libc_nano.a(lib_a-impure.o)
                0x0000000020000030                _impure_ptr
 .data.impure_data
                0x0000000020000034       0x60 /usr/bin/../lib/gcc/arm-none-eabi/6.3.1/../../../../arm-none-eabi/lib/thumb/v7e-m/fpv4-sp/hard/libc_nano.a(lib_a-impure.o)
                0x0000000020000094                . = ALIGN (0x4)
                0x0000000020000094                PROVIDE (__preinit_array_start, .)
 *(.preinit_array)
                0x0000000020000094                PROVIDE (__preinit_array_end, .)
                0x0000000020000094                . = ALIGN (0x4)
                0x0000000020000094                PROVIDE (__init_array_start, .)
 *(SORT(.init_array.*))
 *(.init_array)
 .init_array    0x0000000020000094        0x4 /usr/bin/../lib/gcc/arm-none-eabi/6.3.1/thumb/v7e-m/fpv4-sp/hard/crtbegin.o
                0x0000000020000098                PROVIDE (__init_array_end, .)
                0x0000000020000098                . = ALIGN (0x4)
                [!provide]                        PROVIDE (__fini_array_start, .)
 *(SORT(.fini_array.*))
 *(.fini_array)
 .fini_array    0x0000000020000098        0x4 /usr/bin/../lib/gcc/arm-none-eabi/6.3.1/thumb/v7e-m/fpv4-sp/hard/crtbegin.o
                [!provide]                        PROVIDE (__fini_array_end, .)
 *(.jcr*)
 .jcr           0x000000002000009c        0x0 /usr/bin/../lib/gcc/arm-none-eabi/6.3.1/thumb/v7e-m/fpv4-sp/hard/crtbegin.o
 .jcr           0x000000002000009c        0x4 /usr/bin/../lib/gcc/arm-none-eabi/6.3.1/thumb/v7e-m/fpv4-sp/hard/crtend.o
                0x00000000200000a0                . = ALIGN (0x4)
                0x00000000200000a0                __data_end__ = .
LOAD /usr/bin/../lib/gcc/arm-none-eabi/6.3.1/thumb/v7e-m/fpv4-sp/hard/crti.o
LOAD /usr/bin/../lib/gcc/arm-none-eabi/6.3.1/thumb/v7e-m/fpv4-sp/hard/crtbegin.o
LOAD /usr/bin/../lib/gcc/arm-none-eabi/6.3.1/../../../../arm-none-eabi/lib/thumb/v7e-m/fpv4-sp/hard/crt0.o
LOAD _build/nrf52832_xxaa/nrf_log_frontend.c.o
LOAD _build/nrf52832_xxaa/boards.c.o
LOAD _build/nrf52832_xxaa/app_error.c.o
LOAD _build/nrf52832_xxaa/app_error_weak.c.o
LOAD _build/nrf52832_xxaa/app_fifo.c.o
LOAD _build/nrf52832_xxaa/app_uart_fifo.c.o
LOAD _build/nrf52832_xxaa/app_util_platform.c.o
LOAD _build/nrf52832_xxaa/retarget.c.o
LOAD _build/nrf52832_xxaa/app_scheduler.c.o
LOAD _build/nrf52832_xxaa/app_timer.c.o
LOAD _build/nrf52832_xxaa/hardfault_implementation.c.o
LOAD _build/nrf52832_xxaa/nrf_assert.c.o
LOAD _build/nrf52832_xxaa/nrf_strerror.c.o
LOAD _build/nrf52832_xxaa/nrf_drv_clock.c.o
LOAD _build/nrf52832_xxaa/nrf_drv_common.c.o
LOAD _build/nrf52832_xxaa/nrf_drv_uart.c.o
LOAD _build/nrf52832_xxaa/nrf_nvic.c.o
LOAD _build/nrf52832_xxaa/nrf_soc.c.o
LOAD _build/nrf52832_xxaa/main.c.o
LOAD _build/nrf52832_xxaa/SEGGER_RTT_Syscalls_GCC.c.o
LOAD _build/nrf52832_xxaa/SEGGER_RTT.c.o
LOAD _build/nrf52832_xxaa/SEGGER_RTT_printf.c.o
LOAD _build/nrf52832_xxaa/gcc_startup_nrf52.S.o
LOAD _build/nrf52832_xxaa/system_nrf52.c.o
LOAD _build/nrf52832_xxaa/unity.c.o
LOAD _build/nrf52832_xxaa/ProductionCode.c.o
LOAD _build/nrf52832_xxaa/TestProductionCode.c.o
LOAD /usr/bin/../lib/gcc/arm-none-eabi/6.3.1/../../../../arm-none-eabi/lib/thumb/v7e-m/fpv4-sp/hard/libc_nano.a
LOAD /usr/bin/../lib/gcc/arm-none-eabi/6.3.1/../../../../arm-none-eabi/lib/thumb/v7e-m/fpv4-sp/hard/libnosys.a
LOAD /usr/bin/../lib/gcc/arm-none-eabi/6.3.1/../../../../arm-none-eabi/lib/thumb/v7e-m/fpv4-sp/hard/libm.a
START GROUP
LOAD /usr/bin/../lib/gcc/arm-none-eabi/6.3.1/thumb/v7e-m/fpv4-sp/hard/libgcc.a
LOAD /usr/bin/../lib/gcc/arm-none-eabi/6.3.1/../../../../arm-none-eabi/lib/thumb/v7e-m/fpv4-sp/hard/libg_nano.a
LOAD /usr/bin/../lib/gcc/arm-none-eabi/6.3.1/../../../../arm-none-eabi/lib/thumb/v7e-m/fpv4-sp/hard/libc_nano.a
END GROUP
START GROUP
LOAD /usr/bin/../lib/gcc/arm-none-eabi/6.3.1/thumb/v7e-m/fpv4-sp/hard/libgcc.a
LOAD /usr/bin/../lib/gcc/arm-none-eabi/6.3.1/../../../../arm-none-eabi/lib/thumb/v7e-m/fpv4-sp/hard/libc_nano.a
END GROUP
LOAD /usr/bin/../lib/gcc/arm-none-eabi/6.3.1/thumb/v7e-m/fpv4-sp/hard/crtend.o
LOAD /usr/bin/../lib/gcc/arm-none-eabi/6.3.1/thumb/v7e-m/fpv4-sp/hard/crtn.o
START GROUP
LOAD /usr/bin/../lib/gcc/arm-none-eabi/6.3.1/thumb/v7e-m/fpv4-sp/hard/libgcc.a
LOAD /usr/bin/../lib/gcc/arm-none-eabi/6.3.1/../../../../arm-none-eabi/lib/thumb/v7e-m/fpv4-sp/hard/libc.a
LOAD /usr/bin/../lib/gcc/arm-none-eabi/6.3.1/../../../../arm-none-eabi/lib/thumb/v7e-m/fpv4-sp/hard/libnosys.a
END GROUP

.igot.plt       0x00000000200000a0        0x0 load address 0x0000000000002c50
 .igot.plt      0x00000000200000a0        0x0 /usr/bin/../lib/gcc/arm-none-eabi/6.3.1/thumb/v7e-m/fpv4-sp/hard/crtbegin.o

.fs_data        0x00000000200000a0        0x0
                [!provide]                        PROVIDE (__start_fs_data, .)
 *(.fs_data)
                [!provide]                        PROVIDE (__stop_fs_data, .)

.bss            0x00000000200000a0      0x304 load address 0x0000000000002c50
                0x00000000200000a0                . = ALIGN (0x4)
                0x00000000200000a0                __bss_start__ = .
 *(.bss*)
 .bss           0x00000000200000a0       0x1c /usr/bin/../lib/gcc/arm-none-eabi/6.3.1/thumb/v7e-m/fpv4-sp/hard/crtbegin.o
 .bss.m_event_handler
                0x00000000200000bc        0x4 _build/nrf52832_xxaa/app_uart_fifo.c.o
 .bss.m_rx_fifo
                0x00000000200000c0       0x10 _build/nrf52832_xxaa/app_uart_fifo.c.o
 .bss.m_rx_ovf  0x00000000200000d0        0x1 _build/nrf52832_xxaa/app_uart_fifo.c.o
 *fill*         0x00000000200000d1        0x3 
 .bss.m_tx_fifo
                0x00000000200000d4       0x10 _build/nrf52832_xxaa/app_uart_fifo.c.o
 .bss.rx_buffer
                0x00000000200000e4        0x1 _build/nrf52832_xxaa/app_uart_fifo.c.o
 *fill*         0x00000000200000e5        0x3 
 .bss.tx_buffer
                0x00000000200000e8        0x1 _build/nrf52832_xxaa/app_uart_fifo.c.o
 *fill*         0x00000000200000e9        0x3 
 .bss.m_cb      0x00000000200000ec       0x20 _build/nrf52832_xxaa/nrf_drv_uart.c.o
 .bss.rx_buf.8981
                0x000000002000010c      0x100 _build/nrf52832_xxaa/main.c.o
 .bss.tx_buf.8982
                0x000000002000020c      0x100 _build/nrf52832_xxaa/main.c.o
 .bss.Counter   0x000000002000030c        0x4 _build/nrf52832_xxaa/ProductionCode.c.o
                0x000000002000030c                Counter
 .bss.__malloc_free_list
                0x0000000020000310        0x4 /usr/bin/../lib/gcc/arm-none-eabi/6.3.1/../../../../arm-none-eabi/lib/thumb/v7e-m/fpv4-sp/hard/libc_nano.a(lib_a-nano-mallocr.o)
                0x0000000020000310                __malloc_free_list
 .bss.__malloc_sbrk_start
                0x0000000020000314        0x4 /usr/bin/../lib/gcc/arm-none-eabi/6.3.1/../../../../arm-none-eabi/lib/thumb/v7e-m/fpv4-sp/hard/libc_nano.a(lib_a-nano-mallocr.o)
                0x0000000020000314                __malloc_sbrk_start
 .bss.heap_end.5239
                0x0000000020000318        0x4 /usr/bin/../lib/gcc/arm-none-eabi/6.3.1/../../../../arm-none-eabi/lib/thumb/v7e-m/fpv4-sp/hard/libnosys.a(sbrk.o)
 *(COMMON)
 COMMON         0x000000002000031c       0x84 _build/nrf52832_xxaa/unity.c.o
                0x000000002000031c                Unity
 COMMON         0x00000000200003a0        0x4 /usr/bin/../lib/gcc/arm-none-eabi/6.3.1/../../../../arm-none-eabi/lib/thumb/v7e-m/fpv4-sp/hard/libc_nano.a(lib_a-reent.o)
                0x00000000200003a0                errno
                0x00000000200003a4                . = ALIGN (0x4)
                0x00000000200003a4                __bss_end__ = .

.heap           0x00000000200003a8     0x2000
                0x00000000200003a8                __HeapBase = .
                0x00000000200003a8                __end__ = .
                0x00000000200003a8                PROVIDE (end, .)
 *(.heap*)
 .heap          0x00000000200003a8     0x2000 _build/nrf52832_xxaa/gcc_startup_nrf52.S.o
                0x00000000200023a8                __HeapLimit = .

.stack_dummy    0x00000000200003a8     0x2000
 *(.stack*)
 .stack         0x00000000200003a8     0x2000 _build/nrf52832_xxaa/gcc_startup_nrf52.S.o
                0x0000000020010000                __StackTop = (ORIGIN (RAM) + LENGTH (RAM))
                0x000000002000e000                __StackLimit = (__StackTop - SIZEOF (.stack_dummy))
                0x0000000020010000                PROVIDE (__stack, __StackTop)
                0x0000000000000001                ASSERT ((__StackLimit >= __HeapLimit), region RAM overflowed with stack)
                0x00000000000000a0                DataInitFlashUsed = (__bss_start__ - __data_start__)
                0x0000000000002bb0                CodeFlashUsed = (__etext - ORIGIN (FLASH))
                0x0000000000002c50                TotalFlashUsed = (CodeFlashUsed + DataInitFlashUsed)
                0x0000000000000001                ASSERT ((TotalFlashUsed <= LENGTH (FLASH)), region FLASH overflowed with .data and user data)
OUTPUT(_build/nrf52832_xxaa.out elf32-littlearm)

.ARM.attributes
                0x0000000000000000       0x30
 .ARM.attributes
                0x0000000000000000       0x22 /usr/bin/../lib/gcc/arm-none-eabi/6.3.1/thumb/v7e-m/fpv4-sp/hard/crti.o
 .ARM.attributes
                0x0000000000000022       0x34 /usr/bin/../lib/gcc/arm-none-eabi/6.3.1/thumb/v7e-m/fpv4-sp/hard/crtbegin.o
 .ARM.attributes
                0x0000000000000056       0x20 /usr/bin/../lib/gcc/arm-none-eabi/6.3.1/../../../../arm-none-eabi/lib/thumb/v7e-m/fpv4-sp/hard/crt0.o
 .ARM.attributes
                0x0000000000000076       0x39 _build/nrf52832_xxaa/boards.c.o
 .ARM.attributes
                0x00000000000000af       0x39 _build/nrf52832_xxaa/app_error.c.o
 .ARM.attributes
                0x00000000000000e8       0x39 _build/nrf52832_xxaa/app_error_weak.c.o
 .ARM.attributes
                0x0000000000000121       0x39 _build/nrf52832_xxaa/app_fifo.c.o
 .ARM.attributes
                0x000000000000015a       0x39 _build/nrf52832_xxaa/app_uart_fifo.c.o
 .ARM.attributes
                0x0000000000000193       0x39 _build/nrf52832_xxaa/retarget.c.o
 .ARM.attributes
                0x00000000000001cc       0x39 _build/nrf52832_xxaa/nrf_drv_common.c.o
 .ARM.attributes
                0x0000000000000205       0x39 _build/nrf52832_xxaa/nrf_drv_uart.c.o
 .ARM.attributes
                0x000000000000023e       0x39 _build/nrf52832_xxaa/main.c.o
 .ARM.attributes
                0x0000000000000277       0x20 _build/nrf52832_xxaa/gcc_startup_nrf52.S.o
 .ARM.attributes
                0x0000000000000297       0x39 _build/nrf52832_xxaa/system_nrf52.c.o
 .ARM.attributes
                0x00000000000002d0       0x39 _build/nrf52832_xxaa/unity.c.o
 .ARM.attributes
                0x0000000000000309       0x39 _build/nrf52832_xxaa/ProductionCode.c.o
 .ARM.attributes
                0x0000000000000342       0x39 _build/nrf52832_xxaa/TestProductionCode.c.o
 .ARM.attributes
                0x000000000000037b       0x34 /usr/bin/../lib/gcc/arm-none-eabi/6.3.1/../../../../arm-none-eabi/lib/thumb/v7e-m/fpv4-sp/hard/libc_nano.a(lib_a-exit.o)
 .ARM.attributes
                0x00000000000003af       0x34 /usr/bin/../lib/gcc/arm-none-eabi/6.3.1/../../../../arm-none-eabi/lib/thumb/v7e-m/fpv4-sp/hard/libc_nano.a(lib_a-impure.o)
 .ARM.attributes
                0x00000000000003e3       0x34 /usr/bin/../lib/gcc/arm-none-eabi/6.3.1/../../../../arm-none-eabi/lib/thumb/v7e-m/fpv4-sp/hard/libc_nano.a(lib_a-init.o)
 .ARM.attributes
                0x0000000000000417       0x34 /usr/bin/../lib/gcc/arm-none-eabi/6.3.1/../../../../arm-none-eabi/lib/thumb/v7e-m/fpv4-sp/hard/libc_nano.a(lib_a-memset.o)
 .ARM.attributes
                0x000000000000044b       0x20 /usr/bin/../lib/gcc/arm-none-eabi/6.3.1/../../../../arm-none-eabi/lib/thumb/v7e-m/fpv4-sp/hard/libc_nano.a(lib_a-setjmp.o)
 .ARM.attributes
                0x000000000000046b       0x34 /usr/bin/../lib/gcc/arm-none-eabi/6.3.1/../../../../arm-none-eabi/lib/thumb/v7e-m/fpv4-sp/hard/libc_nano.a(lib_a-wbuf.o)
 .ARM.attributes
                0x000000000000049f       0x34 /usr/bin/../lib/gcc/arm-none-eabi/6.3.1/../../../../arm-none-eabi/lib/thumb/v7e-m/fpv4-sp/hard/libc_nano.a(lib_a-wsetup.o)
 .ARM.attributes
                0x00000000000004d3       0x34 /usr/bin/../lib/gcc/arm-none-eabi/6.3.1/../../../../arm-none-eabi/lib/thumb/v7e-m/fpv4-sp/hard/libc_nano.a(lib_a-fflush.o)
 .ARM.attributes
                0x0000000000000507       0x34 /usr/bin/../lib/gcc/arm-none-eabi/6.3.1/../../../../arm-none-eabi/lib/thumb/v7e-m/fpv4-sp/hard/libc_nano.a(lib_a-findfp.o)
 .ARM.attributes
                0x000000000000053b       0x34 /usr/bin/../lib/gcc/arm-none-eabi/6.3.1/../../../../arm-none-eabi/lib/thumb/v7e-m/fpv4-sp/hard/libc_nano.a(lib_a-fwalk.o)
 .ARM.attributes
                0x000000000000056f       0x34 /usr/bin/../lib/gcc/arm-none-eabi/6.3.1/../../../../arm-none-eabi/lib/thumb/v7e-m/fpv4-sp/hard/libc_nano.a(lib_a-makebuf.o)
 .ARM.attributes
                0x00000000000005a3       0x34 /usr/bin/../lib/gcc/arm-none-eabi/6.3.1/../../../../arm-none-eabi/lib/thumb/v7e-m/fpv4-sp/hard/libc_nano.a(lib_a-nano-freer.o)
 .ARM.attributes
                0x00000000000005d7       0x34 /usr/bin/../lib/gcc/arm-none-eabi/6.3.1/../../../../arm-none-eabi/lib/thumb/v7e-m/fpv4-sp/hard/libc_nano.a(lib_a-nano-mallocr.o)
 .ARM.attributes
                0x000000000000060b       0x34 /usr/bin/../lib/gcc/arm-none-eabi/6.3.1/../../../../arm-none-eabi/lib/thumb/v7e-m/fpv4-sp/hard/libc_nano.a(lib_a-sbrkr.o)
 .ARM.attributes
                0x000000000000063f       0x34 /usr/bin/../lib/gcc/arm-none-eabi/6.3.1/../../../../arm-none-eabi/lib/thumb/v7e-m/fpv4-sp/hard/libc_nano.a(lib_a-stdio.o)
 .ARM.attributes
                0x0000000000000673       0x34 /usr/bin/../lib/gcc/arm-none-eabi/6.3.1/../../../../arm-none-eabi/lib/thumb/v7e-m/fpv4-sp/hard/libc_nano.a(lib_a-writer.o)
 .ARM.attributes
                0x00000000000006a7       0x34 /usr/bin/../lib/gcc/arm-none-eabi/6.3.1/../../../../arm-none-eabi/lib/thumb/v7e-m/fpv4-sp/hard/libc_nano.a(lib_a-closer.o)
 .ARM.attributes
                0x00000000000006db       0x34 /usr/bin/../lib/gcc/arm-none-eabi/6.3.1/../../../../arm-none-eabi/lib/thumb/v7e-m/fpv4-sp/hard/libc_nano.a(lib_a-fstatr.o)
 .ARM.attributes
                0x000000000000070f       0x34 /usr/bin/../lib/gcc/arm-none-eabi/6.3.1/../../../../arm-none-eabi/lib/thumb/v7e-m/fpv4-sp/hard/libc_nano.a(lib_a-isattyr.o)
 .ARM.attributes
                0x0000000000000743       0x34 /usr/bin/../lib/gcc/arm-none-eabi/6.3.1/../../../../arm-none-eabi/lib/thumb/v7e-m/fpv4-sp/hard/libc_nano.a(lib_a-lseekr.o)
 .ARM.attributes
                0x0000000000000777       0x34 /usr/bin/../lib/gcc/arm-none-eabi/6.3.1/../../../../arm-none-eabi/lib/thumb/v7e-m/fpv4-sp/hard/libc_nano.a(lib_a-mlock.o)
 .ARM.attributes
                0x00000000000007ab       0x34 /usr/bin/../lib/gcc/arm-none-eabi/6.3.1/../../../../arm-none-eabi/lib/thumb/v7e-m/fpv4-sp/hard/libc_nano.a(lib_a-readr.o)
 .ARM.attributes
                0x00000000000007df       0x34 /usr/bin/../lib/gcc/arm-none-eabi/6.3.1/../../../../arm-none-eabi/lib/thumb/v7e-m/fpv4-sp/hard/libc_nano.a(lib_a-reent.o)
 .ARM.attributes
                0x0000000000000813       0x34 /usr/bin/../lib/gcc/arm-none-eabi/6.3.1/../../../../arm-none-eabi/lib/thumb/v7e-m/fpv4-sp/hard/libnosys.a(close.o)
 .ARM.attributes
                0x0000000000000847       0x34 /usr/bin/../lib/gcc/arm-none-eabi/6.3.1/../../../../arm-none-eabi/lib/thumb/v7e-m/fpv4-sp/hard/libnosys.a(fstat.o)
 .ARM.attributes
                0x000000000000087b       0x34 /usr/bin/../lib/gcc/arm-none-eabi/6.3.1/../../../../arm-none-eabi/lib/thumb/v7e-m/fpv4-sp/hard/libnosys.a(isatty.o)
 .ARM.attributes
                0x00000000000008af       0x34 /usr/bin/../lib/gcc/arm-none-eabi/6.3.1/../../../../arm-none-eabi/lib/thumb/v7e-m/fpv4-sp/hard/libnosys.a(lseek.o)
 .ARM.attributes
                0x00000000000008e3       0x34 /usr/bin/../lib/gcc/arm-none-eabi/6.3.1/../../../../arm-none-eabi/lib/thumb/v7e-m/fpv4-sp/hard/libnosys.a(sbrk.o)
 .ARM.attributes
                0x0000000000000917       0x34 /usr/bin/../lib/gcc/arm-none-eabi/6.3.1/../../../../arm-none-eabi/lib/thumb/v7e-m/fpv4-sp/hard/libnosys.a(_exit.o)
 .ARM.attributes
                0x000000000000094b       0x34 /usr/bin/../lib/gcc/arm-none-eabi/6.3.1/thumb/v7e-m/fpv4-sp/hard/crtend.o
 .ARM.attributes
                0x000000000000097f       0x22 /usr/bin/../lib/gcc/arm-none-eabi/6.3.1/thumb/v7e-m/fpv4-sp/hard/crtn.o

.comment        0x0000000000000000       0x7f
 .comment       0x0000000000000000       0x7f _build/nrf52832_xxaa/boards.c.o
                                         0x80 (size before relaxing)
 .comment       0x000000000000007f       0x80 _build/nrf52832_xxaa/app_error.c.o
 .comment       0x000000000000007f       0x80 _build/nrf52832_xxaa/app_error_weak.c.o
 .comment       0x000000000000007f       0x80 _build/nrf52832_xxaa/app_fifo.c.o
 .comment       0x000000000000007f       0x80 _build/nrf52832_xxaa/app_uart_fifo.c.o
 .comment       0x000000000000007f       0x80 _build/nrf52832_xxaa/retarget.c.o
 .comment       0x000000000000007f       0x80 _build/nrf52832_xxaa/nrf_drv_common.c.o
 .comment       0x000000000000007f       0x80 _build/nrf52832_xxaa/nrf_drv_uart.c.o
 .comment       0x000000000000007f       0x80 _build/nrf52832_xxaa/main.c.o
 .comment       0x000000000000007f       0x80 _build/nrf52832_xxaa/system_nrf52.c.o
 .comment       0x000000000000007f       0x80 _build/nrf52832_xxaa/unity.c.o
 .comment       0x000000000000007f       0x80 _build/nrf52832_xxaa/ProductionCode.c.o
 .comment       0x000000000000007f       0x80 _build/nrf52832_xxaa/TestProductionCode.c.o

.debug_info     0x0000000000000000    0x12e66
 .debug_info    0x0000000000000000     0x1407 _build/nrf52832_xxaa/boards.c.o
 .debug_info    0x0000000000001407      0xb5f _build/nrf52832_xxaa/app_error.c.o
 .debug_info    0x0000000000001f66      0xc0d _build/nrf52832_xxaa/app_error_weak.c.o
 .debug_info    0x0000000000002b73      0xe27 _build/nrf52832_xxaa/app_fifo.c.o
 .debug_info    0x000000000000399a     0x1a54 _build/nrf52832_xxaa/app_uart_fifo.c.o
 .debug_info    0x00000000000053ee      0x9de _build/nrf52832_xxaa/retarget.c.o
 .debug_info    0x0000000000005dcc      0xe09 _build/nrf52832_xxaa/nrf_drv_common.c.o
 .debug_info    0x0000000000006bd5     0x4b7a _build/nrf52832_xxaa/nrf_drv_uart.c.o
 .debug_info    0x000000000000b74f      0xeea _build/nrf52832_xxaa/main.c.o
 .debug_info    0x000000000000c639       0xc7 _build/nrf52832_xxaa/gcc_startup_nrf52.S.o
 .debug_info    0x000000000000c700     0x1105 _build/nrf52832_xxaa/system_nrf52.c.o
 .debug_info    0x000000000000d805     0x489e _build/nrf52832_xxaa/unity.c.o
 .debug_info    0x00000000000120a3       0xae _build/nrf52832_xxaa/ProductionCode.c.o
 .debug_info    0x0000000000012151      0xd15 _build/nrf52832_xxaa/TestProductionCode.c.o

.debug_abbrev   0x0000000000000000     0x231a
 .debug_abbrev  0x0000000000000000      0x382 _build/nrf52832_xxaa/boards.c.o
 .debug_abbrev  0x0000000000000382      0x235 _build/nrf52832_xxaa/app_error.c.o
 .debug_abbrev  0x00000000000005b7      0x21c _build/nrf52832_xxaa/app_error_weak.c.o
 .debug_abbrev  0x00000000000007d3      0x29b _build/nrf52832_xxaa/app_fifo.c.o
 .debug_abbrev  0x0000000000000a6e      0x31d _build/nrf52832_xxaa/app_uart_fifo.c.o
 .debug_abbrev  0x0000000000000d8b      0x215 _build/nrf52832_xxaa/retarget.c.o
 .debug_abbrev  0x0000000000000fa0      0x285 _build/nrf52832_xxaa/nrf_drv_common.c.o
 .debug_abbrev  0x0000000000001225      0x443 _build/nrf52832_xxaa/nrf_drv_uart.c.o
 .debug_abbrev  0x0000000000001668      0x31b _build/nrf52832_xxaa/main.c.o
 .debug_abbrev  0x0000000000001983       0x14 _build/nrf52832_xxaa/gcc_startup_nrf52.S.o
 .debug_abbrev  0x0000000000001997      0x1e2 _build/nrf52832_xxaa/system_nrf52.c.o
 .debug_abbrev  0x0000000000001b79      0x4cd _build/nrf52832_xxaa/unity.c.o
 .debug_abbrev  0x0000000000002046       0xa2 _build/nrf52832_xxaa/ProductionCode.c.o
 .debug_abbrev  0x00000000000020e8      0x232 _build/nrf52832_xxaa/TestProductionCode.c.o

.debug_loc      0x0000000000000000     0x966a
 .debug_loc     0x0000000000000000      0x845 _build/nrf52832_xxaa/boards.c.o
 .debug_loc     0x0000000000000845      0x145 _build/nrf52832_xxaa/app_error.c.o
 .debug_loc     0x000000000000098a       0x42 _build/nrf52832_xxaa/app_error_weak.c.o
 .debug_loc     0x00000000000009cc      0x605 _build/nrf52832_xxaa/app_fifo.c.o
 .debug_loc     0x0000000000000fd1      0x381 _build/nrf52832_xxaa/app_uart_fifo.c.o
 .debug_loc     0x0000000000001352       0xe9 _build/nrf52832_xxaa/retarget.c.o
 .debug_loc     0x000000000000143b       0xd6 _build/nrf52832_xxaa/nrf_drv_common.c.o
 .debug_loc     0x0000000000001511     0x28dc _build/nrf52832_xxaa/nrf_drv_uart.c.o
 .debug_loc     0x0000000000003ded       0x8c _build/nrf52832_xxaa/main.c.o
 .debug_loc     0x0000000000003e79     0x57d0 _build/nrf52832_xxaa/unity.c.o
 .debug_loc     0x0000000000009649       0x21 _build/nrf52832_xxaa/ProductionCode.c.o

.debug_aranges  0x0000000000000000      0x448
 .debug_aranges
                0x0000000000000000       0x80 _build/nrf52832_xxaa/boards.c.o
 .debug_aranges
                0x0000000000000080       0x30 _build/nrf52832_xxaa/app_error.c.o
 .debug_aranges
                0x00000000000000b0       0x20 _build/nrf52832_xxaa/app_error_weak.c.o
 .debug_aranges
                0x00000000000000d0       0x50 _build/nrf52832_xxaa/app_fifo.c.o
 .debug_aranges
                0x0000000000000120       0x48 _build/nrf52832_xxaa/app_uart_fifo.c.o
 .debug_aranges
                0x0000000000000168       0x28 _build/nrf52832_xxaa/retarget.c.o
 .debug_aranges
                0x0000000000000190       0x20 _build/nrf52832_xxaa/nrf_drv_common.c.o
 .debug_aranges
                0x00000000000001b0       0x78 _build/nrf52832_xxaa/nrf_drv_uart.c.o
 .debug_aranges
                0x0000000000000228       0x30 _build/nrf52832_xxaa/main.c.o
 .debug_aranges
                0x0000000000000258       0x20 _build/nrf52832_xxaa/gcc_startup_nrf52.S.o
 .debug_aranges
                0x0000000000000278       0x28 _build/nrf52832_xxaa/system_nrf52.c.o
 .debug_aranges
                0x00000000000002a0      0x130 _build/nrf52832_xxaa/unity.c.o
 .debug_aranges
                0x00000000000003d0       0x28 _build/nrf52832_xxaa/ProductionCode.c.o
 .debug_aranges
                0x00000000000003f8       0x50 _build/nrf52832_xxaa/TestProductionCode.c.o

.debug_ranges   0x0000000000000000     0x1cd0
 .debug_ranges  0x0000000000000000      0x178 _build/nrf52832_xxaa/boards.c.o
 .debug_ranges  0x0000000000000178       0x20 _build/nrf52832_xxaa/app_error.c.o
 .debug_ranges  0x0000000000000198       0x10 _build/nrf52832_xxaa/app_error_weak.c.o
 .debug_ranges  0x00000000000001a8      0x128 _build/nrf52832_xxaa/app_fifo.c.o
 .debug_ranges  0x00000000000002d0       0x50 _build/nrf52832_xxaa/app_uart_fifo.c.o
 .debug_ranges  0x0000000000000320       0x18 _build/nrf52832_xxaa/retarget.c.o
 .debug_ranges  0x0000000000000338       0x30 _build/nrf52832_xxaa/nrf_drv_common.c.o
 .debug_ranges  0x0000000000000368      0x838 _build/nrf52832_xxaa/nrf_drv_uart.c.o
 .debug_ranges  0x0000000000000ba0       0x60 _build/nrf52832_xxaa/main.c.o
 .debug_ranges  0x0000000000000c00      0x148 _build/nrf52832_xxaa/system_nrf52.c.o
 .debug_ranges  0x0000000000000d48      0xf30 _build/nrf52832_xxaa/unity.c.o
 .debug_ranges  0x0000000000001c78       0x18 _build/nrf52832_xxaa/ProductionCode.c.o
 .debug_ranges  0x0000000000001c90       0x40 _build/nrf52832_xxaa/TestProductionCode.c.o

.debug_macro    0x0000000000000000     0x41f3
 .debug_macro   0x0000000000000000      0x29d _build/nrf52832_xxaa/boards.c.o
 .debug_macro   0x000000000000029d       0x35 _build/nrf52832_xxaa/boards.c.o
 .debug_macro   0x00000000000002d2       0x22 _build/nrf52832_xxaa/boards.c.o
 .debug_macro   0x00000000000002f4      0x372 _build/nrf52832_xxaa/boards.c.o
 .debug_macro   0x0000000000000666       0x16 _build/nrf52832_xxaa/boards.c.o
 .debug_macro   0x000000000000067c       0x97 _build/nrf52832_xxaa/boards.c.o
 .debug_macro   0x0000000000000713       0xf6 _build/nrf52832_xxaa/boards.c.o
 .debug_macro   0x0000000000000809       0x10 _build/nrf52832_xxaa/boards.c.o
 .debug_macro   0x0000000000000819       0x10 _build/nrf52832_xxaa/boards.c.o
 .debug_macro   0x0000000000000829       0xb6 _build/nrf52832_xxaa/boards.c.o
 .debug_macro   0x00000000000008df       0x16 _build/nrf52832_xxaa/boards.c.o
 .debug_macro   0x00000000000008f5      0x145 _build/nrf52832_xxaa/boards.c.o
 .debug_macro   0x0000000000000a3a       0x2b _build/nrf52832_xxaa/boards.c.o
 .debug_macro   0x0000000000000a65       0x10 _build/nrf52832_xxaa/boards.c.o
 .debug_macro   0x0000000000000a75       0x16 _build/nrf52832_xxaa/boards.c.o
 .debug_macro   0x0000000000000a8b       0x22 _build/nrf52832_xxaa/boards.c.o
 .debug_macro   0x0000000000000aad       0x16 _build/nrf52832_xxaa/boards.c.o
 .debug_macro   0x0000000000000ac3      0x261 _build/nrf52832_xxaa/boards.c.o
 .debug_macro   0x0000000000000d24      0x115 _build/nrf52832_xxaa/boards.c.o
 .debug_macro   0x0000000000000e39      0x229 _build/nrf52832_xxaa/app_error.c.o
 .debug_macro   0x0000000000001062      0x338 _build/nrf52832_xxaa/app_error_weak.c.o
 .debug_macro   0x000000000000139a       0x16 _build/nrf52832_xxaa/app_error_weak.c.o
 .debug_macro   0x00000000000013b0       0x31 _build/nrf52832_xxaa/app_error_weak.c.o
 .debug_macro   0x00000000000013e1       0x10 _build/nrf52832_xxaa/app_error_weak.c.o
 .debug_macro   0x00000000000013f1      0x17b _build/nrf52832_xxaa/app_error_weak.c.o
 .debug_macro   0x000000000000156c       0x68 _build/nrf52832_xxaa/app_error_weak.c.o
 .debug_macro   0x00000000000015d4       0x28 _build/nrf52832_xxaa/app_error_weak.c.o
 .debug_macro   0x00000000000015fc       0x16 _build/nrf52832_xxaa/app_error_weak.c.o
 .debug_macro   0x0000000000001612       0x7e _build/nrf52832_xxaa/app_error_weak.c.o
 .debug_macro   0x0000000000001690       0x8c _build/nrf52832_xxaa/app_error_weak.c.o
 .debug_macro   0x000000000000171c       0x10 _build/nrf52832_xxaa/app_error_weak.c.o
 .debug_macro   0x000000000000172c       0x1c _build/nrf52832_xxaa/app_error_weak.c.o
 .debug_macro   0x0000000000001748      0x231 _build/nrf52832_xxaa/app_fifo.c.o
 .debug_macro   0x0000000000001979      0x32a _build/nrf52832_xxaa/app_uart_fifo.c.o
 .debug_macro   0x0000000000001ca3       0x1c _build/nrf52832_xxaa/app_uart_fifo.c.o
 .debug_macro   0x0000000000001cbf       0x18 _build/nrf52832_xxaa/app_uart_fifo.c.o
 .debug_macro   0x0000000000001cd7       0x10 _build/nrf52832_xxaa/app_uart_fifo.c.o
 .debug_macro   0x0000000000001ce7       0x43 _build/nrf52832_xxaa/app_uart_fifo.c.o
 .debug_macro   0x0000000000001d2a      0x29a _build/nrf52832_xxaa/retarget.c.o
 .debug_macro   0x0000000000001fc4      0x2b9 _build/nrf52832_xxaa/nrf_drv_common.c.o
 .debug_macro   0x000000000000227d       0x22 _build/nrf52832_xxaa/nrf_drv_common.c.o
 .debug_macro   0x000000000000229f      0x38e _build/nrf52832_xxaa/nrf_drv_uart.c.o
 .debug_macro   0x000000000000262d       0x28 _build/nrf52832_xxaa/nrf_drv_uart.c.o
 .debug_macro   0x0000000000002655      0x175 _build/nrf52832_xxaa/nrf_drv_uart.c.o
 .debug_macro   0x00000000000027ca      0x36c _build/nrf52832_xxaa/main.c.o
 .debug_macro   0x0000000000002b36       0x10 _build/nrf52832_xxaa/main.c.o
 .debug_macro   0x0000000000002b46       0x22 _build/nrf52832_xxaa/main.c.o
 .debug_macro   0x0000000000002b68       0x10 _build/nrf52832_xxaa/main.c.o
 .debug_macro   0x0000000000002b78       0xde _build/nrf52832_xxaa/main.c.o
 .debug_macro   0x0000000000002c56       0x2b _build/nrf52832_xxaa/main.c.o
 .debug_macro   0x0000000000002c81       0xee _build/nrf52832_xxaa/main.c.o
 .debug_macro   0x0000000000002d6f      0x43e _build/nrf52832_xxaa/main.c.o
 .debug_macro   0x00000000000031ad      0x732 _build/nrf52832_xxaa/main.c.o
 .debug_macro   0x00000000000038df       0xf5 _build/nrf52832_xxaa/system_nrf52.c.o
 .debug_macro   0x00000000000039d4      0x1f5 _build/nrf52832_xxaa/unity.c.o
 .debug_macro   0x0000000000003bc9       0x4e _build/nrf52832_xxaa/unity.c.o
 .debug_macro   0x0000000000003c17      0x3f4 _build/nrf52832_xxaa/unity.c.o
 .debug_macro   0x000000000000400b       0x1b _build/nrf52832_xxaa/ProductionCode.c.o
 .debug_macro   0x0000000000004026      0x1cd _build/nrf52832_xxaa/TestProductionCode.c.o

.debug_line     0x0000000000000000     0x5cc7
 .debug_line    0x0000000000000000      0x670 _build/nrf52832_xxaa/boards.c.o
 .debug_line    0x0000000000000670      0x472 _build/nrf52832_xxaa/app_error.c.o
 .debug_line    0x0000000000000ae2      0x6cf _build/nrf52832_xxaa/app_error_weak.c.o
 .debug_line    0x00000000000011b1      0x597 _build/nrf52832_xxaa/app_fifo.c.o
 .debug_line    0x0000000000001748      0x6d4 _build/nrf52832_xxaa/app_uart_fifo.c.o
 .debug_line    0x0000000000001e1c      0x4ec _build/nrf52832_xxaa/retarget.c.o
 .debug_line    0x0000000000002308      0x55b _build/nrf52832_xxaa/nrf_drv_common.c.o
 .debug_line    0x0000000000002863     0x1125 _build/nrf52832_xxaa/nrf_drv_uart.c.o
 .debug_line    0x0000000000003988      0x6e6 _build/nrf52832_xxaa/main.c.o
 .debug_line    0x000000000000406e       0x8e _build/nrf52832_xxaa/gcc_startup_nrf52.S.o
 .debug_line    0x00000000000040fc      0x3c8 _build/nrf52832_xxaa/system_nrf52.c.o
 .debug_line    0x00000000000044c4     0x1443 _build/nrf52832_xxaa/unity.c.o
 .debug_line    0x0000000000005907       0x70 _build/nrf52832_xxaa/ProductionCode.c.o
 .debug_line    0x0000000000005977      0x350 _build/nrf52832_xxaa/TestProductionCode.c.o

.debug_str      0x0000000000000000    0x7c011
 .debug_str     0x0000000000000000    0x615ea _build/nrf52832_xxaa/boards.c.o
                                      0x621a1 (size before relaxing)
 .debug_str     0x00000000000615ea      0x128 _build/nrf52832_xxaa/app_error.c.o
                                      0x603eb (size before relaxing)
 .debug_str     0x0000000000061712     0x7315 _build/nrf52832_xxaa/app_error_weak.c.o
                                      0x67755 (size before relaxing)
 .debug_str     0x0000000000068a27      0x161 _build/nrf52832_xxaa/app_fifo.c.o
                                      0x640c9 (size before relaxing)
 .debug_str     0x0000000000068b88     0x1037 _build/nrf52832_xxaa/app_uart_fifo.c.o
                                      0x666a5 (size before relaxing)
 .debug_str     0x0000000000069bbf       0x3e _build/nrf52832_xxaa/retarget.c.o
                                      0x64dec (size before relaxing)
 .debug_str     0x0000000000069bfd      0x3e0 _build/nrf52832_xxaa/nrf_drv_common.c.o
                                      0x659dc (size before relaxing)
 .debug_str     0x0000000000069fdd      0xf73 _build/nrf52832_xxaa/nrf_drv_uart.c.o
                                      0x692f3 (size before relaxing)
 .debug_str     0x000000000006af50     0xfd7e _build/nrf52832_xxaa/main.c.o
                                      0x72186 (size before relaxing)
 .debug_str     0x000000000007acce      0x44d _build/nrf52832_xxaa/system_nrf52.c.o
                                      0x5bc02 (size before relaxing)
 .debug_str     0x000000000007b11b      0xc82 _build/nrf52832_xxaa/unity.c.o
                                      0x17222 (size before relaxing)
 .debug_str     0x000000000007bd9d       0x7a _build/nrf52832_xxaa/ProductionCode.c.o
                                       0x267a (size before relaxing)
 .debug_str     0x000000000007be17      0x1fa _build/nrf52832_xxaa/TestProductionCode.c.o
                                      0x168b5 (size before relaxing)

.debug_frame    0x0000000000000000     0x12cc
 .debug_frame   0x0000000000000000      0x104 _build/nrf52832_xxaa/boards.c.o
 .debug_frame   0x0000000000000104       0x70 _build/nrf52832_xxaa/app_error.c.o
 .debug_frame   0x0000000000000174       0x20 _build/nrf52832_xxaa/app_error_weak.c.o
 .debug_frame   0x0000000000000194       0xfc _build/nrf52832_xxaa/app_fifo.c.o
 .debug_frame   0x0000000000000290       0xe0 _build/nrf52832_xxaa/app_uart_fifo.c.o
 .debug_frame   0x0000000000000370       0x44 _build/nrf52832_xxaa/retarget.c.o
 .debug_frame   0x00000000000003b4       0x2c _build/nrf52832_xxaa/nrf_drv_common.c.o
 .debug_frame   0x00000000000003e0      0x1c0 _build/nrf52832_xxaa/nrf_drv_uart.c.o
 .debug_frame   0x00000000000005a0       0x5c _build/nrf52832_xxaa/main.c.o
 .debug_frame   0x00000000000005fc       0x48 _build/nrf52832_xxaa/system_nrf52.c.o
 .debug_frame   0x0000000000000644      0x514 _build/nrf52832_xxaa/unity.c.o
 .debug_frame   0x0000000000000b58       0x30 _build/nrf52832_xxaa/ProductionCode.c.o
 .debug_frame   0x0000000000000b88       0xc8 _build/nrf52832_xxaa/TestProductionCode.c.o
 .debug_frame   0x0000000000000c50       0x28 /usr/bin/../lib/gcc/arm-none-eabi/6.3.1/../../../../arm-none-eabi/lib/thumb/v7e-m/fpv4-sp/hard/libc_nano.a(lib_a-exit.o)
 .debug_frame   0x0000000000000c78       0x2c /usr/bin/../lib/gcc/arm-none-eabi/6.3.1/../../../../arm-none-eabi/lib/thumb/v7e-m/fpv4-sp/hard/libc_nano.a(lib_a-init.o)
 .debug_frame   0x0000000000000ca4       0x20 /usr/bin/../lib/gcc/arm-none-eabi/6.3.1/../../../../arm-none-eabi/lib/thumb/v7e-m/fpv4-sp/hard/libc_nano.a(lib_a-memset.o)
 .debug_frame   0x0000000000000cc4       0x40 /usr/bin/../lib/gcc/arm-none-eabi/6.3.1/../../../../arm-none-eabi/lib/thumb/v7e-m/fpv4-sp/hard/libc_nano.a(lib_a-wbuf.o)
 .debug_frame   0x0000000000000d04       0x2c /usr/bin/../lib/gcc/arm-none-eabi/6.3.1/../../../../arm-none-eabi/lib/thumb/v7e-m/fpv4-sp/hard/libc_nano.a(lib_a-wsetup.o)
 .debug_frame   0x0000000000000d30       0x68 /usr/bin/../lib/gcc/arm-none-eabi/6.3.1/../../../../arm-none-eabi/lib/thumb/v7e-m/fpv4-sp/hard/libc_nano.a(lib_a-fflush.o)
 .debug_frame   0x0000000000000d98      0x11c /usr/bin/../lib/gcc/arm-none-eabi/6.3.1/../../../../arm-none-eabi/lib/thumb/v7e-m/fpv4-sp/hard/libc_nano.a(lib_a-findfp.o)
 .debug_frame   0x0000000000000eb4       0x54 /usr/bin/../lib/gcc/arm-none-eabi/6.3.1/../../../../arm-none-eabi/lib/thumb/v7e-m/fpv4-sp/hard/libc_nano.a(lib_a-fwalk.o)
 .debug_frame   0x0000000000000f08       0x58 /usr/bin/../lib/gcc/arm-none-eabi/6.3.1/../../../../arm-none-eabi/lib/thumb/v7e-m/fpv4-sp/hard/libc_nano.a(lib_a-makebuf.o)
 .debug_frame   0x0000000000000f60       0x38 /usr/bin/../lib/gcc/arm-none-eabi/6.3.1/../../../../arm-none-eabi/lib/thumb/v7e-m/fpv4-sp/hard/libc_nano.a(lib_a-nano-freer.o)
 .debug_frame   0x0000000000000f98       0x2c /usr/bin/../lib/gcc/arm-none-eabi/6.3.1/../../../../arm-none-eabi/lib/thumb/v7e-m/fpv4-sp/hard/libc_nano.a(lib_a-nano-mallocr.o)
 .debug_frame   0x0000000000000fc4       0x2c /usr/bin/../lib/gcc/arm-none-eabi/6.3.1/../../../../arm-none-eabi/lib/thumb/v7e-m/fpv4-sp/hard/libc_nano.a(lib_a-sbrkr.o)
 .debug_frame   0x0000000000000ff0       0x88 /usr/bin/../lib/gcc/arm-none-eabi/6.3.1/../../../../arm-none-eabi/lib/thumb/v7e-m/fpv4-sp/hard/libc_nano.a(lib_a-stdio.o)
 .debug_frame   0x0000000000001078       0x2c /usr/bin/../lib/gcc/arm-none-eabi/6.3.1/../../../../arm-none-eabi/lib/thumb/v7e-m/fpv4-sp/hard/libc_nano.a(lib_a-writer.o)
 .debug_frame   0x00000000000010a4       0x2c /usr/bin/../lib/gcc/arm-none-eabi/6.3.1/../../../../arm-none-eabi/lib/thumb/v7e-m/fpv4-sp/hard/libc_nano.a(lib_a-closer.o)
 .debug_frame   0x00000000000010d0       0x2c /usr/bin/../lib/gcc/arm-none-eabi/6.3.1/../../../../arm-none-eabi/lib/thumb/v7e-m/fpv4-sp/hard/libc_nano.a(lib_a-fstatr.o)
 .debug_frame   0x00000000000010fc       0x2c /usr/bin/../lib/gcc/arm-none-eabi/6.3.1/../../../../arm-none-eabi/lib/thumb/v7e-m/fpv4-sp/hard/libc_nano.a(lib_a-isattyr.o)
 .debug_frame   0x0000000000001128       0x2c /usr/bin/../lib/gcc/arm-none-eabi/6.3.1/../../../../arm-none-eabi/lib/thumb/v7e-m/fpv4-sp/hard/libc_nano.a(lib_a-lseekr.o)
 .debug_frame   0x0000000000001154       0x30 /usr/bin/../lib/gcc/arm-none-eabi/6.3.1/../../../../arm-none-eabi/lib/thumb/v7e-m/fpv4-sp/hard/libc_nano.a(lib_a-mlock.o)
 .debug_frame   0x0000000000001184       0x2c /usr/bin/../lib/gcc/arm-none-eabi/6.3.1/../../../../arm-none-eabi/lib/thumb/v7e-m/fpv4-sp/hard/libc_nano.a(lib_a-readr.o)
 .debug_frame   0x00000000000011b0       0x5c /usr/bin/../lib/gcc/arm-none-eabi/6.3.1/../../../../arm-none-eabi/lib/thumb/v7e-m/fpv4-sp/hard/libc_nano.a(lib_a-reent.o)
 .debug_frame   0x000000000000120c       0x20 /usr/bin/../lib/gcc/arm-none-eabi/6.3.1/../../../../arm-none-eabi/lib/thumb/v7e-m/fpv4-sp/hard/libnosys.a(close.o)
 .debug_frame   0x000000000000122c       0x20 /usr/bin/../lib/gcc/arm-none-eabi/6.3.1/../../../../arm-none-eabi/lib/thumb/v7e-m/fpv4-sp/hard/libnosys.a(fstat.o)
 .debug_frame   0x000000000000124c       0x20 /usr/bin/../lib/gcc/arm-none-eabi/6.3.1/../../../../arm-none-eabi/lib/thumb/v7e-m/fpv4-sp/hard/libnosys.a(isatty.o)
 .debug_frame   0x000000000000126c       0x20 /usr/bin/../lib/gcc/arm-none-eabi/6.3.1/../../../../arm-none-eabi/lib/thumb/v7e-m/fpv4-sp/hard/libnosys.a(lseek.o)
 .debug_frame   0x000000000000128c       0x20 /usr/bin/../lib/gcc/arm-none-eabi/6.3.1/../../../../arm-none-eabi/lib/thumb/v7e-m/fpv4-sp/hard/libnosys.a(sbrk.o)
 .debug_frame   0x00000000000012ac       0x20 /usr/bin/../lib/gcc/arm-none-eabi/6.3.1/../../../../arm-none-eabi/lib/thumb/v7e-m/fpv4-sp/hard/libnosys.a(_exit.o)

.stab           0x0000000000000000       0x6c
 .stab          0x0000000000000000       0x24 /usr/bin/../lib/gcc/arm-none-eabi/6.3.1/../../../../arm-none-eabi/lib/thumb/v7e-m/fpv4-sp/hard/libnosys.a(close.o)
 .stab          0x0000000000000024       0x18 /usr/bin/../lib/gcc/arm-none-eabi/6.3.1/../../../../arm-none-eabi/lib/thumb/v7e-m/fpv4-sp/hard/libnosys.a(fstat.o)
                                         0x24 (size before relaxing)
 .stab          0x000000000000003c       0x18 /usr/bin/../lib/gcc/arm-none-eabi/6.3.1/../../../../arm-none-eabi/lib/thumb/v7e-m/fpv4-sp/hard/libnosys.a(isatty.o)
                                         0x24 (size before relaxing)
 .stab          0x0000000000000054       0x18 /usr/bin/../lib/gcc/arm-none-eabi/6.3.1/../../../../arm-none-eabi/lib/thumb/v7e-m/fpv4-sp/hard/libnosys.a(lseek.o)
                                         0x24 (size before relaxing)

.stabstr        0x0000000000000000       0xe3
 .stabstr       0x0000000000000000       0xe3 /usr/bin/../lib/gcc/arm-none-eabi/6.3.1/../../../../arm-none-eabi/lib/thumb/v7e-m/fpv4-sp/hard/libnosys.a(close.o)
